ARM GAS  C:\Users\think\AppData\Local\Temp\ccZnX8dv.s 			page 1


   1              		.cpu cortex-m0
   2              		.fpu softvfp
   3              		.eabi_attribute 20, 1
   4              		.eabi_attribute 21, 1
   5              		.eabi_attribute 23, 3
   6              		.eabi_attribute 24, 1
   7              		.eabi_attribute 25, 1
   8              		.eabi_attribute 26, 1
   9              		.eabi_attribute 30, 1
  10              		.eabi_attribute 34, 0
  11              		.eabi_attribute 18, 4
  12              		.code	16
  13              		.file	"cyfitter_cfg.c"
  14              		.text
  15              	.Ltext0:
  16              		.cfi_sections	.debug_frame
  17              		.section	.text.AnalogSetDefault,"ax",%progbits
  18              		.align	2
  19              		.code	16
  20              		.thumb_func
  21              		.type	AnalogSetDefault, %function
  22              	AnalogSetDefault:
  23              	.LFB6:
  24              		.file 1 ".\\Generated_Source\\PSoC4\\cyfitter_cfg.c"
   1:.\Generated_Source\PSoC4/cyfitter_cfg.c **** /*******************************************************************************
   2:.\Generated_Source\PSoC4/cyfitter_cfg.c **** * FILENAME: cyfitter_cfg.c
   3:.\Generated_Source\PSoC4/cyfitter_cfg.c **** * 
   4:.\Generated_Source\PSoC4/cyfitter_cfg.c **** * PSoC Creator  3.2
   5:.\Generated_Source\PSoC4/cyfitter_cfg.c **** *
   6:.\Generated_Source\PSoC4/cyfitter_cfg.c **** * DESCRIPTION:
   7:.\Generated_Source\PSoC4/cyfitter_cfg.c **** * This file contains device initialization code.
   8:.\Generated_Source\PSoC4/cyfitter_cfg.c **** * Except for the user defined sections in CyClockStartupError(), this file should not be modified.
   9:.\Generated_Source\PSoC4/cyfitter_cfg.c **** * This file is automatically generated by PSoC Creator.
  10:.\Generated_Source\PSoC4/cyfitter_cfg.c **** *
  11:.\Generated_Source\PSoC4/cyfitter_cfg.c **** ********************************************************************************
  12:.\Generated_Source\PSoC4/cyfitter_cfg.c **** * Copyright (c) 2007-2015 Cypress Semiconductor.  All rights reserved.
  13:.\Generated_Source\PSoC4/cyfitter_cfg.c **** * You may use this file only in accordance with the license, terms, conditions, 
  14:.\Generated_Source\PSoC4/cyfitter_cfg.c **** * disclaimers, and limitations in the end user license agreement accompanying 
  15:.\Generated_Source\PSoC4/cyfitter_cfg.c **** * the software package with which this file was provided.
  16:.\Generated_Source\PSoC4/cyfitter_cfg.c **** ********************************************************************************/
  17:.\Generated_Source\PSoC4/cyfitter_cfg.c **** 
  18:.\Generated_Source\PSoC4/cyfitter_cfg.c **** #include <string.h>
  19:.\Generated_Source\PSoC4/cyfitter_cfg.c **** #include "cytypes.h"
  20:.\Generated_Source\PSoC4/cyfitter_cfg.c **** #include "cydevice_trm.h"
  21:.\Generated_Source\PSoC4/cyfitter_cfg.c **** #include "cyfitter.h"
  22:.\Generated_Source\PSoC4/cyfitter_cfg.c **** #include "CyLib.h"
  23:.\Generated_Source\PSoC4/cyfitter_cfg.c **** #include "CyLFClk.h"
  24:.\Generated_Source\PSoC4/cyfitter_cfg.c **** #include "cyfitter_cfg.h"
  25:.\Generated_Source\PSoC4/cyfitter_cfg.c **** 
  26:.\Generated_Source\PSoC4/cyfitter_cfg.c **** 
  27:.\Generated_Source\PSoC4/cyfitter_cfg.c **** #if defined(__GNUC__) || defined(__ARMCC_VERSION)
  28:.\Generated_Source\PSoC4/cyfitter_cfg.c ****     #define CYPACKED 
  29:.\Generated_Source\PSoC4/cyfitter_cfg.c ****     #define CYPACKED_ATTR __attribute__ ((packed))
  30:.\Generated_Source\PSoC4/cyfitter_cfg.c ****     #define CYALIGNED __attribute__ ((aligned))
  31:.\Generated_Source\PSoC4/cyfitter_cfg.c ****     #define CY_CFG_UNUSED __attribute__ ((unused))
  32:.\Generated_Source\PSoC4/cyfitter_cfg.c ****     #define CY_CFG_SECTION __attribute__ ((section(".psocinit")))
  33:.\Generated_Source\PSoC4/cyfitter_cfg.c ****     
ARM GAS  C:\Users\think\AppData\Local\Temp\ccZnX8dv.s 			page 2


  34:.\Generated_Source\PSoC4/cyfitter_cfg.c ****     #if defined(__ARMCC_VERSION)
  35:.\Generated_Source\PSoC4/cyfitter_cfg.c ****         #define CY_CFG_MEMORY_BARRIER() __memory_changed()
  36:.\Generated_Source\PSoC4/cyfitter_cfg.c ****     #else
  37:.\Generated_Source\PSoC4/cyfitter_cfg.c ****         #define CY_CFG_MEMORY_BARRIER() __sync_synchronize()
  38:.\Generated_Source\PSoC4/cyfitter_cfg.c ****     #endif
  39:.\Generated_Source\PSoC4/cyfitter_cfg.c ****     
  40:.\Generated_Source\PSoC4/cyfitter_cfg.c **** #elif defined(__ICCARM__)
  41:.\Generated_Source\PSoC4/cyfitter_cfg.c ****     #include <intrinsics.h>
  42:.\Generated_Source\PSoC4/cyfitter_cfg.c **** 
  43:.\Generated_Source\PSoC4/cyfitter_cfg.c ****     #define CYPACKED __packed
  44:.\Generated_Source\PSoC4/cyfitter_cfg.c ****     #define CYPACKED_ATTR 
  45:.\Generated_Source\PSoC4/cyfitter_cfg.c ****     #define CYALIGNED _Pragma("data_alignment=4")
  46:.\Generated_Source\PSoC4/cyfitter_cfg.c ****     #define CY_CFG_UNUSED _Pragma("diag_suppress=Pe177")
  47:.\Generated_Source\PSoC4/cyfitter_cfg.c ****     #define CY_CFG_SECTION _Pragma("location=\".psocinit\"")
  48:.\Generated_Source\PSoC4/cyfitter_cfg.c ****     
  49:.\Generated_Source\PSoC4/cyfitter_cfg.c ****     #define CY_CFG_MEMORY_BARRIER() __DMB()
  50:.\Generated_Source\PSoC4/cyfitter_cfg.c ****     
  51:.\Generated_Source\PSoC4/cyfitter_cfg.c **** #else
  52:.\Generated_Source\PSoC4/cyfitter_cfg.c ****     #error Unsupported toolchain
  53:.\Generated_Source\PSoC4/cyfitter_cfg.c **** #endif
  54:.\Generated_Source\PSoC4/cyfitter_cfg.c **** 
  55:.\Generated_Source\PSoC4/cyfitter_cfg.c **** 
  56:.\Generated_Source\PSoC4/cyfitter_cfg.c **** CY_CFG_UNUSED
  57:.\Generated_Source\PSoC4/cyfitter_cfg.c **** static void CYMEMZERO(void *s, size_t n);
  58:.\Generated_Source\PSoC4/cyfitter_cfg.c **** CY_CFG_UNUSED
  59:.\Generated_Source\PSoC4/cyfitter_cfg.c **** static void CYMEMZERO(void *s, size_t n)
  60:.\Generated_Source\PSoC4/cyfitter_cfg.c **** {
  61:.\Generated_Source\PSoC4/cyfitter_cfg.c **** 	(void)memset(s, 0, n);
  62:.\Generated_Source\PSoC4/cyfitter_cfg.c **** }
  63:.\Generated_Source\PSoC4/cyfitter_cfg.c **** CY_CFG_UNUSED
  64:.\Generated_Source\PSoC4/cyfitter_cfg.c **** static void CYCONFIGCPY(void *dest, const void *src, size_t n);
  65:.\Generated_Source\PSoC4/cyfitter_cfg.c **** CY_CFG_UNUSED
  66:.\Generated_Source\PSoC4/cyfitter_cfg.c **** static void CYCONFIGCPY(void *dest, const void *src, size_t n)
  67:.\Generated_Source\PSoC4/cyfitter_cfg.c **** {
  68:.\Generated_Source\PSoC4/cyfitter_cfg.c **** 	(void)memcpy(dest, src, n);
  69:.\Generated_Source\PSoC4/cyfitter_cfg.c **** }
  70:.\Generated_Source\PSoC4/cyfitter_cfg.c **** CY_CFG_UNUSED
  71:.\Generated_Source\PSoC4/cyfitter_cfg.c **** static void CYCONFIGCPYCODE(void *dest, const void *src, size_t n);
  72:.\Generated_Source\PSoC4/cyfitter_cfg.c **** CY_CFG_UNUSED
  73:.\Generated_Source\PSoC4/cyfitter_cfg.c **** static void CYCONFIGCPYCODE(void *dest, const void *src, size_t n)
  74:.\Generated_Source\PSoC4/cyfitter_cfg.c **** {
  75:.\Generated_Source\PSoC4/cyfitter_cfg.c **** 	(void)memcpy(dest, src, n);
  76:.\Generated_Source\PSoC4/cyfitter_cfg.c **** }
  77:.\Generated_Source\PSoC4/cyfitter_cfg.c **** 
  78:.\Generated_Source\PSoC4/cyfitter_cfg.c **** 
  79:.\Generated_Source\PSoC4/cyfitter_cfg.c **** 
  80:.\Generated_Source\PSoC4/cyfitter_cfg.c **** /* Clock startup error codes                                                   */
  81:.\Generated_Source\PSoC4/cyfitter_cfg.c **** #define CYCLOCKSTART_NO_ERROR    0u
  82:.\Generated_Source\PSoC4/cyfitter_cfg.c **** #define CYCLOCKSTART_XTAL_ERROR  1u
  83:.\Generated_Source\PSoC4/cyfitter_cfg.c **** #define CYCLOCKSTART_32KHZ_ERROR 2u
  84:.\Generated_Source\PSoC4/cyfitter_cfg.c **** #define CYCLOCKSTART_PLL_ERROR   3u
  85:.\Generated_Source\PSoC4/cyfitter_cfg.c **** 
  86:.\Generated_Source\PSoC4/cyfitter_cfg.c **** #ifdef CY_NEED_CYCLOCKSTARTUPERROR
  87:.\Generated_Source\PSoC4/cyfitter_cfg.c **** /*******************************************************************************
  88:.\Generated_Source\PSoC4/cyfitter_cfg.c **** * Function Name: CyClockStartupError
  89:.\Generated_Source\PSoC4/cyfitter_cfg.c **** ********************************************************************************
  90:.\Generated_Source\PSoC4/cyfitter_cfg.c **** * Summary:
ARM GAS  C:\Users\think\AppData\Local\Temp\ccZnX8dv.s 			page 3


  91:.\Generated_Source\PSoC4/cyfitter_cfg.c **** *  If an error is encountered during clock configuration (crystal startup error,
  92:.\Generated_Source\PSoC4/cyfitter_cfg.c **** *  PLL lock error, etc.), the system will end up here.  Unless reimplemented by
  93:.\Generated_Source\PSoC4/cyfitter_cfg.c **** *  the customer, this function will stop in an infinite loop.
  94:.\Generated_Source\PSoC4/cyfitter_cfg.c **** *
  95:.\Generated_Source\PSoC4/cyfitter_cfg.c **** * Parameters:
  96:.\Generated_Source\PSoC4/cyfitter_cfg.c **** *   void
  97:.\Generated_Source\PSoC4/cyfitter_cfg.c **** *
  98:.\Generated_Source\PSoC4/cyfitter_cfg.c **** * Return:
  99:.\Generated_Source\PSoC4/cyfitter_cfg.c **** *   void
 100:.\Generated_Source\PSoC4/cyfitter_cfg.c **** *
 101:.\Generated_Source\PSoC4/cyfitter_cfg.c **** *******************************************************************************/
 102:.\Generated_Source\PSoC4/cyfitter_cfg.c **** CY_CFG_UNUSED
 103:.\Generated_Source\PSoC4/cyfitter_cfg.c **** static void CyClockStartupError(uint8 errorCode);
 104:.\Generated_Source\PSoC4/cyfitter_cfg.c **** CY_CFG_UNUSED
 105:.\Generated_Source\PSoC4/cyfitter_cfg.c **** static void CyClockStartupError(uint8 errorCode)
 106:.\Generated_Source\PSoC4/cyfitter_cfg.c **** {
 107:.\Generated_Source\PSoC4/cyfitter_cfg.c ****     /* To remove the compiler warning if errorCode not used.                */
 108:.\Generated_Source\PSoC4/cyfitter_cfg.c ****     errorCode = errorCode;
 109:.\Generated_Source\PSoC4/cyfitter_cfg.c **** 
 110:.\Generated_Source\PSoC4/cyfitter_cfg.c ****     /* `#START CyClockStartupError` */
 111:.\Generated_Source\PSoC4/cyfitter_cfg.c **** 
 112:.\Generated_Source\PSoC4/cyfitter_cfg.c ****     /* If we have a clock startup error (bad MHz crystal, PLL lock, etc.),  */
 113:.\Generated_Source\PSoC4/cyfitter_cfg.c ****     /* we will end up here to allow the customer to implement something to  */
 114:.\Generated_Source\PSoC4/cyfitter_cfg.c ****     /* deal with the clock condition.                                       */
 115:.\Generated_Source\PSoC4/cyfitter_cfg.c **** 
 116:.\Generated_Source\PSoC4/cyfitter_cfg.c ****     /* `#END` */
 117:.\Generated_Source\PSoC4/cyfitter_cfg.c **** 
 118:.\Generated_Source\PSoC4/cyfitter_cfg.c ****     /* If nothing else, stop here since the clocks have not started         */
 119:.\Generated_Source\PSoC4/cyfitter_cfg.c ****     /* correctly.                                                           */
 120:.\Generated_Source\PSoC4/cyfitter_cfg.c ****     while(1) {}
 121:.\Generated_Source\PSoC4/cyfitter_cfg.c **** }
 122:.\Generated_Source\PSoC4/cyfitter_cfg.c **** #endif
 123:.\Generated_Source\PSoC4/cyfitter_cfg.c **** 
 124:.\Generated_Source\PSoC4/cyfitter_cfg.c **** 
 125:.\Generated_Source\PSoC4/cyfitter_cfg.c **** 
 126:.\Generated_Source\PSoC4/cyfitter_cfg.c **** /*******************************************************************************
 127:.\Generated_Source\PSoC4/cyfitter_cfg.c **** * Function Name: ClockSetup
 128:.\Generated_Source\PSoC4/cyfitter_cfg.c **** ********************************************************************************
 129:.\Generated_Source\PSoC4/cyfitter_cfg.c **** *
 130:.\Generated_Source\PSoC4/cyfitter_cfg.c **** * Summary:
 131:.\Generated_Source\PSoC4/cyfitter_cfg.c **** *   Performs the initialization of all of the clocks in the device based on the
 132:.\Generated_Source\PSoC4/cyfitter_cfg.c **** *   settings in the Clock tab of the DWR.  This includes enabling the requested
 133:.\Generated_Source\PSoC4/cyfitter_cfg.c **** *   clocks and setting the necessary dividers to produce the desired frequency. 
 134:.\Generated_Source\PSoC4/cyfitter_cfg.c **** *
 135:.\Generated_Source\PSoC4/cyfitter_cfg.c **** * Parameters:
 136:.\Generated_Source\PSoC4/cyfitter_cfg.c **** *   void
 137:.\Generated_Source\PSoC4/cyfitter_cfg.c **** *
 138:.\Generated_Source\PSoC4/cyfitter_cfg.c **** * Return:
 139:.\Generated_Source\PSoC4/cyfitter_cfg.c **** *   void
 140:.\Generated_Source\PSoC4/cyfitter_cfg.c **** *
 141:.\Generated_Source\PSoC4/cyfitter_cfg.c **** *******************************************************************************/
 142:.\Generated_Source\PSoC4/cyfitter_cfg.c **** static void ClockSetup(void);
 143:.\Generated_Source\PSoC4/cyfitter_cfg.c **** CY_CFG_SECTION
 144:.\Generated_Source\PSoC4/cyfitter_cfg.c **** static void ClockSetup(void)
 145:.\Generated_Source\PSoC4/cyfitter_cfg.c **** {
 146:.\Generated_Source\PSoC4/cyfitter_cfg.c **** 
 147:.\Generated_Source\PSoC4/cyfitter_cfg.c **** 	/* Set Flash Cycles based on max possible frequency in case a glitch occurs during ClockSetup(). *
ARM GAS  C:\Users\think\AppData\Local\Temp\ccZnX8dv.s 			page 4


 148:.\Generated_Source\PSoC4/cyfitter_cfg.c **** 	CY_SET_REG32((void CYXDATA *)(CYREG_CPUSS_FLASH_CTL), (0x0012u));
 149:.\Generated_Source\PSoC4/cyfitter_cfg.c **** 
 150:.\Generated_Source\PSoC4/cyfitter_cfg.c **** 	/* Start the WCO */
 151:.\Generated_Source\PSoC4/cyfitter_cfg.c **** 	CySysClkWcoStart();
 152:.\Generated_Source\PSoC4/cyfitter_cfg.c **** 	CyDelayCycles(12000000u); /* WCO may take up to 500ms to start */
 153:.\Generated_Source\PSoC4/cyfitter_cfg.c **** 	(void)CySysClkWcoSetPowerMode(CY_SYS_CLK_WCO_LPM);    /* Switch to the low power mode */
 154:.\Generated_Source\PSoC4/cyfitter_cfg.c **** 
 155:.\Generated_Source\PSoC4/cyfitter_cfg.c **** 	/* Setup and trim IMO based on desired frequency. */
 156:.\Generated_Source\PSoC4/cyfitter_cfg.c **** 	CySysClkWriteImoFreq(48u);
 157:.\Generated_Source\PSoC4/cyfitter_cfg.c **** 	/* CYDEV_CLK_ILO_CONFIG Starting address: CYDEV_CLK_ILO_CONFIG */
 158:.\Generated_Source\PSoC4/cyfitter_cfg.c **** 	CY_SET_XTND_REG32((void CYFAR *)(CYREG_CLK_ILO_CONFIG), 0x80000006u);
 159:.\Generated_Source\PSoC4/cyfitter_cfg.c **** 
 160:.\Generated_Source\PSoC4/cyfitter_cfg.c **** 	/* CYDEV_WDT_CONFIG Starting address: CYDEV_WDT_CONFIG */
 161:.\Generated_Source\PSoC4/cyfitter_cfg.c **** 	CY_SET_XTND_REG32((void CYFAR *)(CYREG_WDT_CONFIG), 0x40000000u);
 162:.\Generated_Source\PSoC4/cyfitter_cfg.c **** 
 163:.\Generated_Source\PSoC4/cyfitter_cfg.c **** 
 164:.\Generated_Source\PSoC4/cyfitter_cfg.c **** 	/* Enable fast start mode for XO */
 165:.\Generated_Source\PSoC4/cyfitter_cfg.c **** 	CY_SET_REG32((void*)CYREG_BLE_BLERD_BB_XO, CY_GET_REG32((void*)CYREG_BLE_BLERD_BB_XO) | (uint32)0x
 166:.\Generated_Source\PSoC4/cyfitter_cfg.c **** 	CY_SET_XTND_REG32((void CYFAR *)(CYREG_BLE_BLERD_BB_XO_CAPTRIM), 0x00003E2Du);
 167:.\Generated_Source\PSoC4/cyfitter_cfg.c **** 	/* Disable Crystal Stable Interrupt before enabling ECO */
 168:.\Generated_Source\PSoC4/cyfitter_cfg.c **** 	CY_SET_REG32((void*)CYREG_BLE_BLESS_LL_DSM_CTRL, CY_GET_REG32((void*)CYREG_BLE_BLESS_LL_DSM_CTRL) 
 169:.\Generated_Source\PSoC4/cyfitter_cfg.c **** 	/* Start the ECO and do not check status since it is not needed for HFCLK */
 170:.\Generated_Source\PSoC4/cyfitter_cfg.c **** 	(void)CySysClkEcoStart(2000u);
 171:.\Generated_Source\PSoC4/cyfitter_cfg.c **** 	CyDelayUs(1500u); /* Wait to stabalize */
 172:.\Generated_Source\PSoC4/cyfitter_cfg.c **** 
 173:.\Generated_Source\PSoC4/cyfitter_cfg.c **** 	/* Setup phase aligned clocks */
 174:.\Generated_Source\PSoC4/cyfitter_cfg.c **** 
 175:.\Generated_Source\PSoC4/cyfitter_cfg.c **** 	/* CYDEV_CLK_IMO_CONFIG Starting address: CYDEV_CLK_IMO_CONFIG */
 176:.\Generated_Source\PSoC4/cyfitter_cfg.c **** 	CY_SET_XTND_REG32((void CYFAR *)(CYREG_CLK_IMO_CONFIG), 0x80000000u);
 177:.\Generated_Source\PSoC4/cyfitter_cfg.c **** 
 178:.\Generated_Source\PSoC4/cyfitter_cfg.c **** 	/* CYDEV_CLK_SELECT Starting address: CYDEV_CLK_SELECT */
 179:.\Generated_Source\PSoC4/cyfitter_cfg.c **** 	CY_SET_XTND_REG32((void CYFAR *)(CYREG_CLK_SELECT), 0x00040000u);
 180:.\Generated_Source\PSoC4/cyfitter_cfg.c **** 
 181:.\Generated_Source\PSoC4/cyfitter_cfg.c **** 	(void)CyIntSetVector(8u, &CySysWdtIsr);
 182:.\Generated_Source\PSoC4/cyfitter_cfg.c **** 	CyIntEnable(8u);
 183:.\Generated_Source\PSoC4/cyfitter_cfg.c **** 	CY_SET_XTND_REG32((void CYFAR *)(CYREG_WDT_CONFIG), 0x40000000u);
 184:.\Generated_Source\PSoC4/cyfitter_cfg.c **** }
 185:.\Generated_Source\PSoC4/cyfitter_cfg.c **** 
 186:.\Generated_Source\PSoC4/cyfitter_cfg.c **** 
 187:.\Generated_Source\PSoC4/cyfitter_cfg.c **** /* Analog API Functions */
 188:.\Generated_Source\PSoC4/cyfitter_cfg.c **** 
 189:.\Generated_Source\PSoC4/cyfitter_cfg.c **** 
 190:.\Generated_Source\PSoC4/cyfitter_cfg.c **** /*******************************************************************************
 191:.\Generated_Source\PSoC4/cyfitter_cfg.c **** * Function Name: AnalogSetDefault
 192:.\Generated_Source\PSoC4/cyfitter_cfg.c **** ********************************************************************************
 193:.\Generated_Source\PSoC4/cyfitter_cfg.c **** *
 194:.\Generated_Source\PSoC4/cyfitter_cfg.c **** * Summary:
 195:.\Generated_Source\PSoC4/cyfitter_cfg.c **** *  Sets up the analog portions of the chip to default values based on chip
 196:.\Generated_Source\PSoC4/cyfitter_cfg.c **** *  configuration options from the project.
 197:.\Generated_Source\PSoC4/cyfitter_cfg.c **** *
 198:.\Generated_Source\PSoC4/cyfitter_cfg.c **** * Parameters:
 199:.\Generated_Source\PSoC4/cyfitter_cfg.c **** *  void
 200:.\Generated_Source\PSoC4/cyfitter_cfg.c **** *
 201:.\Generated_Source\PSoC4/cyfitter_cfg.c **** * Return:
 202:.\Generated_Source\PSoC4/cyfitter_cfg.c **** *  void
 203:.\Generated_Source\PSoC4/cyfitter_cfg.c **** *
 204:.\Generated_Source\PSoC4/cyfitter_cfg.c **** *******************************************************************************/
ARM GAS  C:\Users\think\AppData\Local\Temp\ccZnX8dv.s 			page 5


 205:.\Generated_Source\PSoC4/cyfitter_cfg.c **** static void AnalogSetDefault(void);
 206:.\Generated_Source\PSoC4/cyfitter_cfg.c **** static void AnalogSetDefault(void)
 207:.\Generated_Source\PSoC4/cyfitter_cfg.c **** {
  25              		.loc 1 207 0
  26              		.cfi_startproc
 208:.\Generated_Source\PSoC4/cyfitter_cfg.c **** 	CY_SET_XTND_REG32((void CYFAR *)CYREG_CTBM0_DFT_CTRL, 0x00000003u);
  27              		.loc 1 208 0
  28 0000 0323     		mov	r3, #3
  29 0002 044A     		ldr	r2, .L2
  30 0004 1360     		str	r3, [r2]
 209:.\Generated_Source\PSoC4/cyfitter_cfg.c **** 	CY_SET_XTND_REG32((void CYFAR *)CYREG_CTBM1_DFT_CTRL, 0x00000003u);
  31              		.loc 1 209 0
  32 0006 044A     		ldr	r2, .L2+4
  33 0008 1360     		str	r3, [r2]
 210:.\Generated_Source\PSoC4/cyfitter_cfg.c **** 	CY_SET_XTND_REG32((void CYFAR *)CYREG_PASS_DSAB_DSAB_CTRL, 0x00000000u);
  34              		.loc 1 210 0
  35 000a 0022     		mov	r2, #0
  36 000c 034B     		ldr	r3, .L2+8
  37 000e 1A60     		str	r2, [r3]
 211:.\Generated_Source\PSoC4/cyfitter_cfg.c **** }
  38              		.loc 1 211 0
  39              		@ sp needed
  40 0010 7047     		bx	lr
  41              	.L3:
  42 0012 C046     		.align	2
  43              	.L2:
  44 0014 30003040 		.word	1076887600
  45 0018 30003140 		.word	1076953136
  46 001c 000E3F40 		.word	1077874176
  47              		.cfi_endproc
  48              	.LFE6:
  49              		.size	AnalogSetDefault, .-AnalogSetDefault
  50              		.section	.text.CYMEMZERO,"ax",%progbits
  51              		.align	2
  52              		.code	16
  53              		.thumb_func
  54              		.type	CYMEMZERO, %function
  55              	CYMEMZERO:
  56              	.LFB2:
  60:.\Generated_Source\PSoC4/cyfitter_cfg.c **** {
  57              		.loc 1 60 0
  58              		.cfi_startproc
  59              	.LVL0:
  60 0000 08B5     		push	{r3, lr}
  61              		.cfi_def_cfa_offset 8
  62              		.cfi_offset 3, -8
  63              		.cfi_offset 14, -4
  64 0002 0A1C     		mov	r2, r1
  61:.\Generated_Source\PSoC4/cyfitter_cfg.c **** 	(void)memset(s, 0, n);
  65              		.loc 1 61 0
  66 0004 0021     		mov	r1, #0
  67              	.LVL1:
  68 0006 FFF7FEFF 		bl	memset
  69              	.LVL2:
  62:.\Generated_Source\PSoC4/cyfitter_cfg.c **** }
  70              		.loc 1 62 0
  71              		@ sp needed
ARM GAS  C:\Users\think\AppData\Local\Temp\ccZnX8dv.s 			page 6


  72 000a 08BD     		pop	{r3, pc}
  73              		.cfi_endproc
  74              	.LFE2:
  75              		.size	CYMEMZERO, .-CYMEMZERO
  76              		.section	.psocinit,"ax",%progbits
  77              		.align	2
  78              		.code	16
  79              		.thumb_func
  80              		.type	ClockSetup, %function
  81              	ClockSetup:
  82              	.LFB5:
 145:.\Generated_Source\PSoC4/cyfitter_cfg.c **** {
  83              		.loc 1 145 0
  84              		.cfi_startproc
  85 0000 38B5     		push	{r3, r4, r5, lr}
  86              		.cfi_def_cfa_offset 16
  87              		.cfi_offset 3, -16
  88              		.cfi_offset 4, -12
  89              		.cfi_offset 5, -8
  90              		.cfi_offset 14, -4
 148:.\Generated_Source\PSoC4/cyfitter_cfg.c **** 	CY_SET_REG32((void CYXDATA *)(CYREG_CPUSS_FLASH_CTL), (0x0012u));
  91              		.loc 1 148 0
  92 0002 1222     		mov	r2, #18
  93 0004 1C4B     		ldr	r3, .L6
  94 0006 1A60     		str	r2, [r3]
 151:.\Generated_Source\PSoC4/cyfitter_cfg.c **** 	CySysClkWcoStart();
  95              		.loc 1 151 0
  96 0008 FFF7FEFF 		bl	CySysClkWcoStart
  97              	.LVL3:
 152:.\Generated_Source\PSoC4/cyfitter_cfg.c **** 	CyDelayCycles(12000000u); /* WCO may take up to 500ms to start */
  98              		.loc 1 152 0
  99 000c 1B48     		ldr	r0, .L6+4
 100 000e FFF7FEFF 		bl	CyDelayCycles
 101              	.LVL4:
 153:.\Generated_Source\PSoC4/cyfitter_cfg.c **** 	(void)CySysClkWcoSetPowerMode(CY_SYS_CLK_WCO_LPM);    /* Switch to the low power mode */
 102              		.loc 1 153 0
 103 0012 0120     		mov	r0, #1
 104 0014 FFF7FEFF 		bl	CySysClkWcoSetPowerMode
 105              	.LVL5:
 156:.\Generated_Source\PSoC4/cyfitter_cfg.c **** 	CySysClkWriteImoFreq(48u);
 106              		.loc 1 156 0
 107 0018 3020     		mov	r0, #48
 108 001a FFF7FEFF 		bl	CySysClkWriteImoFreq
 109              	.LVL6:
 158:.\Generated_Source\PSoC4/cyfitter_cfg.c **** 	CY_SET_XTND_REG32((void CYFAR *)(CYREG_CLK_ILO_CONFIG), 0x80000006u);
 110              		.loc 1 158 0
 111 001e 184A     		ldr	r2, .L6+8
 112 0020 184B     		ldr	r3, .L6+12
 113 0022 1A60     		str	r2, [r3]
 161:.\Generated_Source\PSoC4/cyfitter_cfg.c **** 	CY_SET_XTND_REG32((void CYFAR *)(CYREG_WDT_CONFIG), 0x40000000u);
 114              		.loc 1 161 0
 115 0024 184C     		ldr	r4, .L6+16
 116 0026 8025     		mov	r5, #128
 117 0028 ED05     		lsl	r5, r5, #23
 118 002a 2560     		str	r5, [r4]
 165:.\Generated_Source\PSoC4/cyfitter_cfg.c **** 	CY_SET_REG32((void*)CYREG_BLE_BLERD_BB_XO, CY_GET_REG32((void*)CYREG_BLE_BLERD_BB_XO) | (uint32)0x
 119              		.loc 1 165 0
ARM GAS  C:\Users\think\AppData\Local\Temp\ccZnX8dv.s 			page 7


 120 002c 174B     		ldr	r3, .L6+20
 121 002e 1968     		ldr	r1, [r3]
 122 0030 0222     		mov	r2, #2
 123 0032 0A43     		orr	r2, r1
 124 0034 1A60     		str	r2, [r3]
 166:.\Generated_Source\PSoC4/cyfitter_cfg.c **** 	CY_SET_XTND_REG32((void CYFAR *)(CYREG_BLE_BLERD_BB_XO_CAPTRIM), 0x00003E2Du);
 125              		.loc 1 166 0
 126 0036 164A     		ldr	r2, .L6+24
 127 0038 164B     		ldr	r3, .L6+28
 128 003a 1A60     		str	r2, [r3]
 168:.\Generated_Source\PSoC4/cyfitter_cfg.c **** 	CY_SET_REG32((void*)CYREG_BLE_BLESS_LL_DSM_CTRL, CY_GET_REG32((void*)CYREG_BLE_BLESS_LL_DSM_CTRL) 
 129              		.loc 1 168 0
 130 003c 164B     		ldr	r3, .L6+32
 131 003e 1A68     		ldr	r2, [r3]
 132 0040 0821     		mov	r1, #8
 133 0042 8A43     		bic	r2, r1
 134 0044 1A60     		str	r2, [r3]
 170:.\Generated_Source\PSoC4/cyfitter_cfg.c **** 	(void)CySysClkEcoStart(2000u);
 135              		.loc 1 170 0
 136 0046 FA20     		mov	r0, #250
 137 0048 C000     		lsl	r0, r0, #3
 138 004a FFF7FEFF 		bl	CySysClkEcoStart
 139              	.LVL7:
 171:.\Generated_Source\PSoC4/cyfitter_cfg.c **** 	CyDelayUs(1500u); /* Wait to stabalize */
 140              		.loc 1 171 0
 141 004e 1348     		ldr	r0, .L6+36
 142 0050 FFF7FEFF 		bl	CyDelayUs
 143              	.LVL8:
 176:.\Generated_Source\PSoC4/cyfitter_cfg.c **** 	CY_SET_XTND_REG32((void CYFAR *)(CYREG_CLK_IMO_CONFIG), 0x80000000u);
 144              		.loc 1 176 0
 145 0054 8022     		mov	r2, #128
 146 0056 1206     		lsl	r2, r2, #24
 147 0058 114B     		ldr	r3, .L6+40
 148 005a 1A60     		str	r2, [r3]
 179:.\Generated_Source\PSoC4/cyfitter_cfg.c **** 	CY_SET_XTND_REG32((void CYFAR *)(CYREG_CLK_SELECT), 0x00040000u);
 149              		.loc 1 179 0
 150 005c 8022     		mov	r2, #128
 151 005e D202     		lsl	r2, r2, #11
 152 0060 104B     		ldr	r3, .L6+44
 153 0062 1A60     		str	r2, [r3]
 181:.\Generated_Source\PSoC4/cyfitter_cfg.c **** 	(void)CyIntSetVector(8u, &CySysWdtIsr);
 154              		.loc 1 181 0
 155 0064 0820     		mov	r0, #8
 156 0066 1049     		ldr	r1, .L6+48
 157 0068 FFF7FEFF 		bl	CyIntSetVector
 158              	.LVL9:
 182:.\Generated_Source\PSoC4/cyfitter_cfg.c **** 	CyIntEnable(8u);
 159              		.loc 1 182 0
 160 006c 0820     		mov	r0, #8
 161 006e FFF7FEFF 		bl	CyIntEnable
 162              	.LVL10:
 183:.\Generated_Source\PSoC4/cyfitter_cfg.c **** 	CY_SET_XTND_REG32((void CYFAR *)(CYREG_WDT_CONFIG), 0x40000000u);
 163              		.loc 1 183 0
 164 0072 2560     		str	r5, [r4]
 184:.\Generated_Source\PSoC4/cyfitter_cfg.c **** }
 165              		.loc 1 184 0
 166              		@ sp needed
ARM GAS  C:\Users\think\AppData\Local\Temp\ccZnX8dv.s 			page 8


 167 0074 38BD     		pop	{r3, r4, r5, pc}
 168              	.L7:
 169 0076 C046     		.align	2
 170              	.L6:
 171 0078 30001040 		.word	1074790448
 172 007c 001BB700 		.word	12000000
 173 0080 06000080 		.word	-2147483642
 174 0084 04010B40 		.word	1074462980
 175 0088 0C020B40 		.word	1074463244
 176 008c 78002E40 		.word	1076756600
 177 0090 2D3E0000 		.word	15917
 178 0094 7C002E40 		.word	1076756604
 179 0098 6CF02E40 		.word	1076818028
 180 009c DC050000 		.word	1500
 181 00a0 08010B40 		.word	1074462984
 182 00a4 00010B40 		.word	1074462976
 183 00a8 00000000 		.word	CySysWdtIsr
 184              		.cfi_endproc
 185              	.LFE5:
 186              		.size	ClockSetup, .-ClockSetup
 187              		.align	2
 188              		.global	cyfitter_cfg
 189              		.code	16
 190              		.thumb_func
 191              		.type	cyfitter_cfg, %function
 192              	cyfitter_cfg:
 193              	.LFB7:
 212:.\Generated_Source\PSoC4/cyfitter_cfg.c **** 
 213:.\Generated_Source\PSoC4/cyfitter_cfg.c **** #define CY_AMUX_UNUSED CYREG_CM0_ROM_DWT
 214:.\Generated_Source\PSoC4/cyfitter_cfg.c **** 
 215:.\Generated_Source\PSoC4/cyfitter_cfg.c **** 
 216:.\Generated_Source\PSoC4/cyfitter_cfg.c **** /*******************************************************************************
 217:.\Generated_Source\PSoC4/cyfitter_cfg.c **** * Function Name: cyfitter_cfg
 218:.\Generated_Source\PSoC4/cyfitter_cfg.c **** ********************************************************************************
 219:.\Generated_Source\PSoC4/cyfitter_cfg.c **** * Summary:
 220:.\Generated_Source\PSoC4/cyfitter_cfg.c **** *  This function is called by the start-up code for the selected device. It
 221:.\Generated_Source\PSoC4/cyfitter_cfg.c **** *  performs all of the necessary device configuration based on the design
 222:.\Generated_Source\PSoC4/cyfitter_cfg.c **** *  settings.  This includes settings from the Design Wide Resources (DWR) such
 223:.\Generated_Source\PSoC4/cyfitter_cfg.c **** *  as Clocks and Pins as well as any component configuration that is necessary.
 224:.\Generated_Source\PSoC4/cyfitter_cfg.c **** *
 225:.\Generated_Source\PSoC4/cyfitter_cfg.c **** * Parameters:  
 226:.\Generated_Source\PSoC4/cyfitter_cfg.c **** *   void
 227:.\Generated_Source\PSoC4/cyfitter_cfg.c **** *
 228:.\Generated_Source\PSoC4/cyfitter_cfg.c **** * Return:
 229:.\Generated_Source\PSoC4/cyfitter_cfg.c **** *   void
 230:.\Generated_Source\PSoC4/cyfitter_cfg.c **** *
 231:.\Generated_Source\PSoC4/cyfitter_cfg.c **** *******************************************************************************/
 232:.\Generated_Source\PSoC4/cyfitter_cfg.c **** CY_CFG_SECTION
 233:.\Generated_Source\PSoC4/cyfitter_cfg.c **** void cyfitter_cfg(void)
 234:.\Generated_Source\PSoC4/cyfitter_cfg.c **** {
 194              		.loc 1 234 0
 195              		.cfi_startproc
 196 00ac 38B5     		push	{r3, r4, r5, lr}
 197              		.cfi_def_cfa_offset 16
 198              		.cfi_offset 3, -16
 199              		.cfi_offset 4, -12
 200              		.cfi_offset 5, -8
ARM GAS  C:\Users\think\AppData\Local\Temp\ccZnX8dv.s 			page 9


 201              		.cfi_offset 14, -4
 235:.\Generated_Source\PSoC4/cyfitter_cfg.c **** 	/* Disable interrupts by default. Let user enable if/when they want. */
 236:.\Generated_Source\PSoC4/cyfitter_cfg.c **** 	CyGlobalIntDisable;
 202              		.loc 1 236 0
 203              	@ 236 ".\Generated_Source\PSoC4\cyfitter_cfg.c" 1
 204 00ae 72B6     		CPSID   i
 205              	@ 0 "" 2
 237:.\Generated_Source\PSoC4/cyfitter_cfg.c **** 
 238:.\Generated_Source\PSoC4/cyfitter_cfg.c **** 	CY_SET_XTND_REG32((void CYFAR *)(CYREG_BLE_BLESS_LL_DSM_CTRL), 0x00000000u);
 206              		.loc 1 238 0
 207              		.code	16
 208 00b0 0022     		mov	r2, #0
 209 00b2 1D4B     		ldr	r3, .L11
 210 00b4 1A60     		str	r2, [r3]
 211              	.LVL11:
 212              	.LBB2:
 239:.\Generated_Source\PSoC4/cyfitter_cfg.c **** 
 240:.\Generated_Source\PSoC4/cyfitter_cfg.c **** 	{
 241:.\Generated_Source\PSoC4/cyfitter_cfg.c **** 
 242:.\Generated_Source\PSoC4/cyfitter_cfg.c **** 		CYPACKED typedef struct {
 243:.\Generated_Source\PSoC4/cyfitter_cfg.c **** 			void CYFAR *address;
 244:.\Generated_Source\PSoC4/cyfitter_cfg.c **** 			uint16 size;
 245:.\Generated_Source\PSoC4/cyfitter_cfg.c **** 		} CYPACKED_ATTR cfg_memset_t;
 246:.\Generated_Source\PSoC4/cyfitter_cfg.c **** 
 247:.\Generated_Source\PSoC4/cyfitter_cfg.c **** 		static const cfg_memset_t CYCODE cfg_memset_list [] = {
 248:.\Generated_Source\PSoC4/cyfitter_cfg.c **** 			/* address, size */
 249:.\Generated_Source\PSoC4/cyfitter_cfg.c **** 			{(void CYFAR *)(CYDEV_UDB_P0_U0_BASE), 1024u},
 250:.\Generated_Source\PSoC4/cyfitter_cfg.c **** 			{(void CYFAR *)(CYDEV_UDB_DSI0_BASE), 1024u},
 251:.\Generated_Source\PSoC4/cyfitter_cfg.c **** 		};
 252:.\Generated_Source\PSoC4/cyfitter_cfg.c **** 
 253:.\Generated_Source\PSoC4/cyfitter_cfg.c **** 		uint8 CYDATA i;
 254:.\Generated_Source\PSoC4/cyfitter_cfg.c **** 
 255:.\Generated_Source\PSoC4/cyfitter_cfg.c **** 		/* Zero out critical memory blocks before beginning configuration */
 256:.\Generated_Source\PSoC4/cyfitter_cfg.c **** 		for (i = 0u; i < (sizeof(cfg_memset_list)/sizeof(cfg_memset_list[0])); i++)
 213              		.loc 1 256 0
 214 00b6 0024     		mov	r4, #0
 215              	.LBB3:
 257:.\Generated_Source\PSoC4/cyfitter_cfg.c **** 		{
 258:.\Generated_Source\PSoC4/cyfitter_cfg.c **** 			const cfg_memset_t CYCODE * CYDATA ms = &cfg_memset_list[i];
 216              		.loc 1 258 0
 217 00b8 1C4D     		ldr	r5, .L11+4
 218              	.LBE3:
 256:.\Generated_Source\PSoC4/cyfitter_cfg.c **** 		for (i = 0u; i < (sizeof(cfg_memset_list)/sizeof(cfg_memset_list[0])); i++)
 219              		.loc 1 256 0
 220 00ba 0CE0     		b	.L9
 221              	.LVL12:
 222              	.L10:
 223              	.LBB4:
 224              		.loc 1 258 0 discriminator 2
 225 00bc 6300     		lsl	r3, r4, #1
 226 00be 1B19     		add	r3, r3, r4
 227 00c0 5B00     		lsl	r3, r3, #1
 228 00c2 EB18     		add	r3, r5, r3
 229              	.LVL13:
 259:.\Generated_Source\PSoC4/cyfitter_cfg.c **** 			CYMEMZERO(ms->address, (size_t)(uint32)(ms->size));
 230              		.loc 1 259 0 discriminator 2
 231 00c4 9988     		ldrh	r1, [r3, #4]
ARM GAS  C:\Users\think\AppData\Local\Temp\ccZnX8dv.s 			page 10


 232 00c6 1A88     		ldrh	r2, [r3]
 233 00c8 5888     		ldrh	r0, [r3, #2]
 234 00ca 0004     		lsl	r0, r0, #16
 235 00cc 1043     		orr	r0, r2
 236 00ce FFF7FEFF 		bl	CYMEMZERO
 237              	.LVL14:
 238              	.LBE4:
 256:.\Generated_Source\PSoC4/cyfitter_cfg.c **** 		for (i = 0u; i < (sizeof(cfg_memset_list)/sizeof(cfg_memset_list[0])); i++)
 239              		.loc 1 256 0 discriminator 2
 240 00d2 0134     		add	r4, r4, #1
 241              	.LVL15:
 242 00d4 E4B2     		uxtb	r4, r4
 243              	.LVL16:
 244              	.L9:
 256:.\Generated_Source\PSoC4/cyfitter_cfg.c **** 		for (i = 0u; i < (sizeof(cfg_memset_list)/sizeof(cfg_memset_list[0])); i++)
 245              		.loc 1 256 0 is_stmt 0 discriminator 1
 246 00d6 012C     		cmp	r4, #1
 247 00d8 F0D9     		bls	.L10
 260:.\Generated_Source\PSoC4/cyfitter_cfg.c **** 		}
 261:.\Generated_Source\PSoC4/cyfitter_cfg.c **** 
 262:.\Generated_Source\PSoC4/cyfitter_cfg.c **** 		/* HSIOM Starting address: CYDEV_HSIOM_BASE */
 263:.\Generated_Source\PSoC4/cyfitter_cfg.c **** 		CY_SET_XTND_REG32((void CYFAR *)(CYDEV_HSIOM_BASE), 0xEE000000u);
 248              		.loc 1 263 0 is_stmt 1
 249 00da EE22     		mov	r2, #238
 250 00dc 1206     		lsl	r2, r2, #24
 251 00de 144B     		ldr	r3, .L11+8
 252 00e0 1A60     		str	r2, [r3]
 264:.\Generated_Source\PSoC4/cyfitter_cfg.c **** 
 265:.\Generated_Source\PSoC4/cyfitter_cfg.c **** 		/* UDB_PA_0 Starting address: CYDEV_UDB_PA0_BASE */
 266:.\Generated_Source\PSoC4/cyfitter_cfg.c **** 		CY_SET_XTND_REG32((void CYFAR *)(CYDEV_UDB_PA0_BASE), 0x00990000u);
 253              		.loc 1 266 0
 254 00e2 9923     		mov	r3, #153
 255 00e4 1B04     		lsl	r3, r3, #16
 256 00e6 134A     		ldr	r2, .L11+12
 257 00e8 1360     		str	r3, [r2]
 267:.\Generated_Source\PSoC4/cyfitter_cfg.c **** 
 268:.\Generated_Source\PSoC4/cyfitter_cfg.c **** 		/* UDB_PA_3 Starting address: CYDEV_UDB_PA3_BASE */
 269:.\Generated_Source\PSoC4/cyfitter_cfg.c **** 		CY_SET_XTND_REG32((void CYFAR *)(CYDEV_UDB_PA3_BASE), 0x00990000u);
 258              		.loc 1 269 0
 259 00ea 134A     		ldr	r2, .L11+16
 260 00ec 1360     		str	r3, [r2]
 270:.\Generated_Source\PSoC4/cyfitter_cfg.c **** 
 271:.\Generated_Source\PSoC4/cyfitter_cfg.c **** 		/* Enable digital routing */
 272:.\Generated_Source\PSoC4/cyfitter_cfg.c **** 		CY_SET_XTND_REG8((void *)CYREG_UDB_UDBIF_BANK_CTL, CY_GET_XTND_REG8((void *)CYREG_UDB_UDBIF_BANK_
 261              		.loc 1 272 0
 262 00ee 134B     		ldr	r3, .L11+20
 263 00f0 1978     		ldrb	r1, [r3]
 264 00f2 0222     		mov	r2, #2
 265 00f4 0A43     		orr	r2, r1
 266 00f6 1A70     		strb	r2, [r3]
 273:.\Generated_Source\PSoC4/cyfitter_cfg.c **** 
 274:.\Generated_Source\PSoC4/cyfitter_cfg.c **** 		/* Enable UDB array */
 275:.\Generated_Source\PSoC4/cyfitter_cfg.c **** 		CY_SET_XTND_REG8((void *)CYREG_UDB_UDBIF_WAIT_CFG, (uint8)((CY_GET_XTND_REG8((void *)CYREG_UDB_UD
 267              		.loc 1 275 0
 268 00f8 114A     		ldr	r2, .L11+24
 269 00fa 1178     		ldrb	r1, [r2]
 270 00fc 3C20     		mov	r0, #60
ARM GAS  C:\Users\think\AppData\Local\Temp\ccZnX8dv.s 			page 11


 271 00fe 8143     		bic	r1, r0
 272 0100 1420     		mov	r0, #20
 273 0102 0143     		orr	r1, r0
 274 0104 1170     		strb	r1, [r2]
 276:.\Generated_Source\PSoC4/cyfitter_cfg.c **** 		CY_SET_XTND_REG8((void *)CYREG_UDB_UDBIF_BANK_CTL, (uint8)(CY_GET_XTND_REG8((void *)CYREG_UDB_UDB
 275              		.loc 1 276 0
 276 0106 1978     		ldrb	r1, [r3]
 277 0108 1622     		mov	r2, #22
 278 010a 0A43     		orr	r2, r1
 279 010c 1A70     		strb	r2, [r3]
 280              	.LBE2:
 277:.\Generated_Source\PSoC4/cyfitter_cfg.c **** 	}
 278:.\Generated_Source\PSoC4/cyfitter_cfg.c **** 
 279:.\Generated_Source\PSoC4/cyfitter_cfg.c **** 	/* Perform second pass device configuration. These items must be configured in specific order afte
 280:.\Generated_Source\PSoC4/cyfitter_cfg.c **** 	/* IOPINS0_0 Starting address: CYDEV_GPIO_PRT0_DR */
 281:.\Generated_Source\PSoC4/cyfitter_cfg.c **** 	CY_SET_XTND_REG32((void CYFAR *)(CYREG_GPIO_PRT0_PC), 0x00D80000u);
 281              		.loc 1 281 0
 282 010e D822     		mov	r2, #216
 283 0110 1204     		lsl	r2, r2, #16
 284 0112 0C4B     		ldr	r3, .L11+28
 285 0114 1A60     		str	r2, [r3]
 282:.\Generated_Source\PSoC4/cyfitter_cfg.c **** 
 283:.\Generated_Source\PSoC4/cyfitter_cfg.c **** 	/* IOPINS0_3 Starting address: CYDEV_GPIO_PRT3_DR */
 284:.\Generated_Source\PSoC4/cyfitter_cfg.c **** 	CY_SET_XTND_REG32((void CYFAR *)(CYREG_GPIO_PRT3_PC), 0x00C00000u);
 286              		.loc 1 284 0
 287 0116 C022     		mov	r2, #192
 288 0118 1204     		lsl	r2, r2, #16
 289 011a 0B4B     		ldr	r3, .L11+32
 290 011c 1A60     		str	r2, [r3]
 285:.\Generated_Source\PSoC4/cyfitter_cfg.c **** 
 286:.\Generated_Source\PSoC4/cyfitter_cfg.c **** 	/* Setup clocks based on selections from Clock DWR */
 287:.\Generated_Source\PSoC4/cyfitter_cfg.c **** 	ClockSetup();
 291              		.loc 1 287 0
 292 011e FFF76FFF 		bl	ClockSetup
 293              	.LVL17:
 288:.\Generated_Source\PSoC4/cyfitter_cfg.c **** 
 289:.\Generated_Source\PSoC4/cyfitter_cfg.c **** 	/* Perform basic analog initialization to defaults */
 290:.\Generated_Source\PSoC4/cyfitter_cfg.c **** 	AnalogSetDefault();
 294              		.loc 1 290 0
 295 0122 FFF7FEFF 		bl	AnalogSetDefault
 296              	.LVL18:
 291:.\Generated_Source\PSoC4/cyfitter_cfg.c **** 
 292:.\Generated_Source\PSoC4/cyfitter_cfg.c **** }
 297              		.loc 1 292 0
 298              		@ sp needed
 299              	.LVL19:
 300 0126 38BD     		pop	{r3, r4, r5, pc}
 301              	.L12:
 302              		.align	2
 303              	.L11:
 304 0128 6CF02E40 		.word	1076818028
 305 012c 00000000 		.word	.LANCHOR0
 306 0130 00000240 		.word	1073872896
 307 0134 00500F40 		.word	1074745344
 308 0138 30500F40 		.word	1074745392
 309 013c 00700F40 		.word	1074753536
 310 0140 01700F40 		.word	1074753537
ARM GAS  C:\Users\think\AppData\Local\Temp\ccZnX8dv.s 			page 12


 311 0144 08000440 		.word	1074003976
 312 0148 08030440 		.word	1074004744
 313              		.cfi_endproc
 314              	.LFE7:
 315              		.size	cyfitter_cfg, .-cyfitter_cfg
 316              		.section	.rodata
 317              		.align	2
 318              		.set	.LANCHOR0,. + 0
 319              		.type	cfg_memset_list.4745, %object
 320              		.size	cfg_memset_list.4745, 12
 321              	cfg_memset_list.4745:
 322 0000 00300F40 		.word	1074737152
 323 0004 0004     		.short	1024
 324 0006 00400F40 		.4byte	1074741248
 325 000a 0004     		.short	1024
 326              		.text
 327              	.Letext0:
 328              		.file 2 "d:\\program files\\for ece9047\\cypress\\psoc creator\\3.2\\psoc creator\\import\\gnu\\ar
 329              		.file 3 ".\\Generated_Source\\PSoC4\\cytypes.h"
 330              		.file 4 ".\\Generated_Source\\PSoC4\\CyLib.h"
 331              		.file 5 ".\\Generated_Source\\PSoC4\\CyLFClk.h"
 332              		.section	.debug_info,"",%progbits
 333              	.Ldebug_info0:
 334 0000 60030000 		.4byte	0x360
 335 0004 0400     		.2byte	0x4
 336 0006 00000000 		.4byte	.Ldebug_abbrev0
 337 000a 04       		.byte	0x4
 338 000b 01       		.uleb128 0x1
 339 000c 6B010000 		.4byte	.LASF34
 340 0010 01       		.byte	0x1
 341 0011 01020000 		.4byte	.LASF35
 342 0015 69000000 		.4byte	.LASF36
 343 0019 18000000 		.4byte	.Ldebug_ranges0+0x18
 344 001d 00000000 		.4byte	0
 345 0021 00000000 		.4byte	.Ldebug_line0
 346 0025 02       		.uleb128 0x2
 347 0026 04       		.byte	0x4
 348 0027 05       		.byte	0x5
 349 0028 696E7400 		.ascii	"int\000"
 350 002c 03       		.uleb128 0x3
 351 002d 14000000 		.4byte	.LASF11
 352 0031 02       		.byte	0x2
 353 0032 D4       		.byte	0xd4
 354 0033 37000000 		.4byte	0x37
 355 0037 04       		.uleb128 0x4
 356 0038 04       		.byte	0x4
 357 0039 07       		.byte	0x7
 358 003a 32010000 		.4byte	.LASF0
 359 003e 04       		.uleb128 0x4
 360 003f 01       		.byte	0x1
 361 0040 06       		.byte	0x6
 362 0041 88020000 		.4byte	.LASF1
 363 0045 04       		.uleb128 0x4
 364 0046 01       		.byte	0x1
 365 0047 08       		.byte	0x8
 366 0048 F3000000 		.4byte	.LASF2
 367 004c 04       		.uleb128 0x4
ARM GAS  C:\Users\think\AppData\Local\Temp\ccZnX8dv.s 			page 13


 368 004d 02       		.byte	0x2
 369 004e 05       		.byte	0x5
 370 004f 60020000 		.4byte	.LASF3
 371 0053 04       		.uleb128 0x4
 372 0054 02       		.byte	0x2
 373 0055 07       		.byte	0x7
 374 0056 56000000 		.4byte	.LASF4
 375 005a 04       		.uleb128 0x4
 376 005b 04       		.byte	0x4
 377 005c 05       		.byte	0x5
 378 005d 7F020000 		.4byte	.LASF5
 379 0061 04       		.uleb128 0x4
 380 0062 04       		.byte	0x4
 381 0063 07       		.byte	0x7
 382 0064 C0000000 		.4byte	.LASF6
 383 0068 04       		.uleb128 0x4
 384 0069 08       		.byte	0x8
 385 006a 05       		.byte	0x5
 386 006b 32020000 		.4byte	.LASF7
 387 006f 04       		.uleb128 0x4
 388 0070 08       		.byte	0x8
 389 0071 07       		.byte	0x7
 390 0072 54010000 		.4byte	.LASF8
 391 0076 04       		.uleb128 0x4
 392 0077 04       		.byte	0x4
 393 0078 07       		.byte	0x7
 394 0079 29020000 		.4byte	.LASF9
 395 007d 05       		.uleb128 0x5
 396 007e 04       		.byte	0x4
 397 007f 06       		.uleb128 0x6
 398 0080 04       		.byte	0x4
 399 0081 85000000 		.4byte	0x85
 400 0085 07       		.uleb128 0x7
 401 0086 04       		.uleb128 0x4
 402 0087 01       		.byte	0x1
 403 0088 08       		.byte	0x8
 404 0089 4A020000 		.4byte	.LASF10
 405 008d 03       		.uleb128 0x3
 406 008e D2000000 		.4byte	.LASF12
 407 0092 03       		.byte	0x3
 408 0093 B3       		.byte	0xb3
 409 0094 45000000 		.4byte	0x45
 410 0098 03       		.uleb128 0x3
 411 0099 1B010000 		.4byte	.LASF13
 412 009d 03       		.byte	0x3
 413 009e B4       		.byte	0xb4
 414 009f 53000000 		.4byte	0x53
 415 00a3 03       		.uleb128 0x3
 416 00a4 2B010000 		.4byte	.LASF14
 417 00a8 03       		.byte	0x3
 418 00a9 B5       		.byte	0xb5
 419 00aa 61000000 		.4byte	0x61
 420 00ae 04       		.uleb128 0x4
 421 00af 04       		.byte	0x4
 422 00b0 04       		.byte	0x4
 423 00b1 98000000 		.4byte	.LASF15
 424 00b5 04       		.uleb128 0x4
ARM GAS  C:\Users\think\AppData\Local\Temp\ccZnX8dv.s 			page 14


 425 00b6 08       		.byte	0x8
 426 00b7 04       		.byte	0x4
 427 00b8 08010000 		.4byte	.LASF16
 428 00bc 08       		.uleb128 0x8
 429 00bd 22010000 		.4byte	.LASF17
 430 00c1 03       		.byte	0x3
 431 00c2 5501     		.2byte	0x155
 432 00c4 61000000 		.4byte	0x61
 433 00c8 08       		.uleb128 0x8
 434 00c9 BB000000 		.4byte	.LASF18
 435 00cd 03       		.byte	0x3
 436 00ce 5D01     		.2byte	0x15d
 437 00d0 D4000000 		.4byte	0xd4
 438 00d4 09       		.uleb128 0x9
 439 00d5 8D000000 		.4byte	0x8d
 440 00d9 08       		.uleb128 0x8
 441 00da 0E000000 		.4byte	.LASF19
 442 00de 03       		.byte	0x3
 443 00df 5F01     		.2byte	0x15f
 444 00e1 E5000000 		.4byte	0xe5
 445 00e5 09       		.uleb128 0x9
 446 00e6 A3000000 		.4byte	0xa3
 447 00ea 08       		.uleb128 0x8
 448 00eb E7010000 		.4byte	.LASF20
 449 00ef 03       		.byte	0x3
 450 00f0 6F01     		.2byte	0x16f
 451 00f2 7F000000 		.4byte	0x7f
 452 00f6 0A       		.uleb128 0xa
 453 00f7 1B000000 		.4byte	.LASF37
 454 00fb 01       		.byte	0x1
 455 00fc CE       		.byte	0xce
 456 00fd 00000000 		.4byte	.LFB6
 457 0101 20000000 		.4byte	.LFE6-.LFB6
 458 0105 01       		.uleb128 0x1
 459 0106 9C       		.byte	0x9c
 460 0107 0B       		.uleb128 0xb
 461 0108 E9000000 		.4byte	.LASF21
 462 010c 01       		.byte	0x1
 463 010d 3B       		.byte	0x3b
 464 010e 00000000 		.4byte	.LFB2
 465 0112 0C000000 		.4byte	.LFE2-.LFB2
 466 0116 01       		.uleb128 0x1
 467 0117 9C       		.byte	0x9c
 468 0118 54010000 		.4byte	0x154
 469 011c 0C       		.uleb128 0xc
 470 011d 7300     		.ascii	"s\000"
 471 011f 01       		.byte	0x1
 472 0120 3B       		.byte	0x3b
 473 0121 7D000000 		.4byte	0x7d
 474 0125 00000000 		.4byte	.LLST0
 475 0129 0C       		.uleb128 0xc
 476 012a 6E00     		.ascii	"n\000"
 477 012c 01       		.byte	0x1
 478 012d 3B       		.byte	0x3b
 479 012e 2C000000 		.4byte	0x2c
 480 0132 21000000 		.4byte	.LLST1
 481 0136 0D       		.uleb128 0xd
ARM GAS  C:\Users\think\AppData\Local\Temp\ccZnX8dv.s 			page 15


 482 0137 0A000000 		.4byte	.LVL2
 483 013b BB020000 		.4byte	0x2bb
 484 013f 0E       		.uleb128 0xe
 485 0140 01       		.uleb128 0x1
 486 0141 52       		.byte	0x52
 487 0142 03       		.uleb128 0x3
 488 0143 F3       		.byte	0xf3
 489 0144 01       		.uleb128 0x1
 490 0145 51       		.byte	0x51
 491 0146 0E       		.uleb128 0xe
 492 0147 01       		.uleb128 0x1
 493 0148 51       		.byte	0x51
 494 0149 01       		.uleb128 0x1
 495 014a 30       		.byte	0x30
 496 014b 0E       		.uleb128 0xe
 497 014c 01       		.uleb128 0x1
 498 014d 50       		.byte	0x50
 499 014e 03       		.uleb128 0x3
 500 014f F3       		.byte	0xf3
 501 0150 01       		.uleb128 0x1
 502 0151 50       		.byte	0x50
 503 0152 00       		.byte	0
 504 0153 00       		.byte	0
 505 0154 0B       		.uleb128 0xb
 506 0155 4B000000 		.4byte	.LASF22
 507 0159 01       		.byte	0x1
 508 015a 90       		.byte	0x90
 509 015b 00000000 		.4byte	.LFB5
 510 015f AC000000 		.4byte	.LFE5-.LFB5
 511 0163 01       		.uleb128 0x1
 512 0164 9C       		.byte	0x9c
 513 0165 FD010000 		.4byte	0x1fd
 514 0169 0F       		.uleb128 0xf
 515 016a 0C000000 		.4byte	.LVL3
 516 016e D8020000 		.4byte	0x2d8
 517 0172 10       		.uleb128 0x10
 518 0173 12000000 		.4byte	.LVL4
 519 0177 DF020000 		.4byte	0x2df
 520 017b 89010000 		.4byte	0x189
 521 017f 0E       		.uleb128 0xe
 522 0180 01       		.uleb128 0x1
 523 0181 50       		.byte	0x50
 524 0182 05       		.uleb128 0x5
 525 0183 0C       		.byte	0xc
 526 0184 001BB700 		.4byte	0xb71b00
 527 0188 00       		.byte	0
 528 0189 10       		.uleb128 0x10
 529 018a 18000000 		.4byte	.LVL5
 530 018e F0020000 		.4byte	0x2f0
 531 0192 9C010000 		.4byte	0x19c
 532 0196 0E       		.uleb128 0xe
 533 0197 01       		.uleb128 0x1
 534 0198 50       		.byte	0x50
 535 0199 01       		.uleb128 0x1
 536 019a 31       		.byte	0x31
 537 019b 00       		.byte	0
 538 019c 10       		.uleb128 0x10
ARM GAS  C:\Users\think\AppData\Local\Temp\ccZnX8dv.s 			page 16


 539 019d 1E000000 		.4byte	.LVL6
 540 01a1 05030000 		.4byte	0x305
 541 01a5 B0010000 		.4byte	0x1b0
 542 01a9 0E       		.uleb128 0xe
 543 01aa 01       		.uleb128 0x1
 544 01ab 50       		.byte	0x50
 545 01ac 02       		.uleb128 0x2
 546 01ad 08       		.byte	0x8
 547 01ae 30       		.byte	0x30
 548 01af 00       		.byte	0
 549 01b0 10       		.uleb128 0x10
 550 01b1 4E000000 		.4byte	.LVL7
 551 01b5 16030000 		.4byte	0x316
 552 01b9 C5010000 		.4byte	0x1c5
 553 01bd 0E       		.uleb128 0xe
 554 01be 01       		.uleb128 0x1
 555 01bf 50       		.byte	0x50
 556 01c0 03       		.uleb128 0x3
 557 01c1 0A       		.byte	0xa
 558 01c2 D007     		.2byte	0x7d0
 559 01c4 00       		.byte	0
 560 01c5 10       		.uleb128 0x10
 561 01c6 54000000 		.4byte	.LVL8
 562 01ca 2B030000 		.4byte	0x32b
 563 01ce DA010000 		.4byte	0x1da
 564 01d2 0E       		.uleb128 0xe
 565 01d3 01       		.uleb128 0x1
 566 01d4 50       		.byte	0x50
 567 01d5 03       		.uleb128 0x3
 568 01d6 0A       		.byte	0xa
 569 01d7 DC05     		.2byte	0x5dc
 570 01d9 00       		.byte	0
 571 01da 10       		.uleb128 0x10
 572 01db 6C000000 		.4byte	.LVL9
 573 01df 3C030000 		.4byte	0x33c
 574 01e3 ED010000 		.4byte	0x1ed
 575 01e7 0E       		.uleb128 0xe
 576 01e8 01       		.uleb128 0x1
 577 01e9 50       		.byte	0x50
 578 01ea 01       		.uleb128 0x1
 579 01eb 38       		.byte	0x38
 580 01ec 00       		.byte	0
 581 01ed 0D       		.uleb128 0xd
 582 01ee 72000000 		.4byte	.LVL10
 583 01f2 56030000 		.4byte	0x356
 584 01f6 0E       		.uleb128 0xe
 585 01f7 01       		.uleb128 0x1
 586 01f8 50       		.byte	0x50
 587 01f9 01       		.uleb128 0x1
 588 01fa 38       		.byte	0x38
 589 01fb 00       		.byte	0
 590 01fc 00       		.byte	0
 591 01fd 11       		.uleb128 0x11
 592 01fe 3F010000 		.4byte	.LASF38
 593 0202 01       		.byte	0x1
 594 0203 E9       		.byte	0xe9
 595 0204 AC000000 		.4byte	.LFB7
ARM GAS  C:\Users\think\AppData\Local\Temp\ccZnX8dv.s 			page 17


 596 0208 A0000000 		.4byte	.LFE7-.LFB7
 597 020c 01       		.uleb128 0x1
 598 020d 9C       		.byte	0x9c
 599 020e BB020000 		.4byte	0x2bb
 600 0212 12       		.uleb128 0x12
 601 0213 B6000000 		.4byte	.LBB2
 602 0217 58000000 		.4byte	.LBE2-.LBB2
 603 021b A8020000 		.4byte	0x2a8
 604 021f 13       		.uleb128 0x13
 605 0220 06       		.byte	0x6
 606 0221 01       		.byte	0x1
 607 0222 F2       		.byte	0xf2
 608 0223 40020000 		.4byte	0x240
 609 0227 14       		.uleb128 0x14
 610 0228 4C010000 		.4byte	.LASF23
 611 022c 01       		.byte	0x1
 612 022d F3       		.byte	0xf3
 613 022e 7D000000 		.4byte	0x7d
 614 0232 00       		.byte	0
 615 0233 14       		.uleb128 0x14
 616 0234 9E000000 		.4byte	.LASF24
 617 0238 01       		.byte	0x1
 618 0239 F4       		.byte	0xf4
 619 023a 98000000 		.4byte	0x98
 620 023e 04       		.byte	0x4
 621 023f 00       		.byte	0
 622 0240 03       		.uleb128 0x3
 623 0241 F4010000 		.4byte	.LASF25
 624 0245 01       		.byte	0x1
 625 0246 F5       		.byte	0xf5
 626 0247 1F020000 		.4byte	0x21f
 627 024b 15       		.uleb128 0x15
 628 024c 40020000 		.4byte	0x240
 629 0250 5B020000 		.4byte	0x25b
 630 0254 16       		.uleb128 0x16
 631 0255 76000000 		.4byte	0x76
 632 0259 01       		.byte	0x1
 633 025a 00       		.byte	0
 634 025b 17       		.uleb128 0x17
 635 025c 3B000000 		.4byte	.LASF26
 636 0260 01       		.byte	0x1
 637 0261 F7       		.byte	0xf7
 638 0262 6C020000 		.4byte	0x26c
 639 0266 05       		.uleb128 0x5
 640 0267 03       		.byte	0x3
 641 0268 00000000 		.4byte	cfg_memset_list.4745
 642 026c 18       		.uleb128 0x18
 643 026d 4B020000 		.4byte	0x24b
 644 0271 19       		.uleb128 0x19
 645 0272 6900     		.ascii	"i\000"
 646 0274 01       		.byte	0x1
 647 0275 FD       		.byte	0xfd
 648 0276 8D000000 		.4byte	0x8d
 649 027a 4D000000 		.4byte	.LLST2
 650 027e 1A       		.uleb128 0x1a
 651 027f 00000000 		.4byte	.Ldebug_ranges0+0
 652 0283 1B       		.uleb128 0x1b
ARM GAS  C:\Users\think\AppData\Local\Temp\ccZnX8dv.s 			page 18


 653 0284 6D7300   		.ascii	"ms\000"
 654 0287 01       		.byte	0x1
 655 0288 0201     		.2byte	0x102
 656 028a 92020000 		.4byte	0x292
 657 028e 84000000 		.4byte	.LLST3
 658 0292 06       		.uleb128 0x6
 659 0293 04       		.byte	0x4
 660 0294 98020000 		.4byte	0x298
 661 0298 18       		.uleb128 0x18
 662 0299 40020000 		.4byte	0x240
 663 029d 0F       		.uleb128 0xf
 664 029e D2000000 		.4byte	.LVL14
 665 02a2 07010000 		.4byte	0x107
 666 02a6 00       		.byte	0
 667 02a7 00       		.byte	0
 668 02a8 0F       		.uleb128 0xf
 669 02a9 22010000 		.4byte	.LVL17
 670 02ad 54010000 		.4byte	0x154
 671 02b1 0F       		.uleb128 0xf
 672 02b2 26010000 		.4byte	.LVL18
 673 02b6 F6000000 		.4byte	0xf6
 674 02ba 00       		.byte	0
 675 02bb 1C       		.uleb128 0x1c
 676 02bc 01010000 		.4byte	.LASF27
 677 02c0 7D000000 		.4byte	0x7d
 678 02c4 D8020000 		.4byte	0x2d8
 679 02c8 1D       		.uleb128 0x1d
 680 02c9 7D000000 		.4byte	0x7d
 681 02cd 1D       		.uleb128 0x1d
 682 02ce 25000000 		.4byte	0x25
 683 02d2 1D       		.uleb128 0x1d
 684 02d3 76000000 		.4byte	0x76
 685 02d7 00       		.byte	0
 686 02d8 1E       		.uleb128 0x1e
 687 02d9 D8000000 		.4byte	.LASF39
 688 02dd 05       		.byte	0x5
 689 02de 25       		.byte	0x25
 690 02df 1F       		.uleb128 0x1f
 691 02e0 00000000 		.4byte	.LASF28
 692 02e4 04       		.byte	0x4
 693 02e5 5A       		.byte	0x5a
 694 02e6 F0020000 		.4byte	0x2f0
 695 02ea 1D       		.uleb128 0x1d
 696 02eb A3000000 		.4byte	0xa3
 697 02ef 00       		.byte	0
 698 02f0 20       		.uleb128 0x20
 699 02f1 A3000000 		.4byte	.LASF30
 700 02f5 05       		.byte	0x5
 701 02f6 27       		.byte	0x27
 702 02f7 A3000000 		.4byte	0xa3
 703 02fb 05030000 		.4byte	0x305
 704 02ff 1D       		.uleb128 0x1d
 705 0300 A3000000 		.4byte	0xa3
 706 0304 00       		.byte	0
 707 0305 1F       		.uleb128 0x1f
 708 0306 6A020000 		.4byte	.LASF29
 709 030a 04       		.byte	0x4
ARM GAS  C:\Users\think\AppData\Local\Temp\ccZnX8dv.s 			page 19


 710 030b 31       		.byte	0x31
 711 030c 16030000 		.4byte	0x316
 712 0310 1D       		.uleb128 0x1d
 713 0311 A3000000 		.4byte	0xa3
 714 0315 00       		.byte	0
 715 0316 20       		.uleb128 0x20
 716 0317 4F020000 		.4byte	.LASF31
 717 031b 04       		.byte	0x4
 718 031c 84       		.byte	0x84
 719 031d BC000000 		.4byte	0xbc
 720 0321 2B030000 		.4byte	0x32b
 721 0325 1D       		.uleb128 0x1d
 722 0326 A3000000 		.4byte	0xa3
 723 032a 00       		.byte	0
 724 032b 1F       		.uleb128 0x1f
 725 032c 40020000 		.4byte	.LASF32
 726 0330 04       		.byte	0x4
 727 0331 58       		.byte	0x58
 728 0332 3C030000 		.4byte	0x33c
 729 0336 1D       		.uleb128 0x1d
 730 0337 98000000 		.4byte	0x98
 731 033b 00       		.byte	0
 732 033c 20       		.uleb128 0x20
 733 033d 2C000000 		.4byte	.LASF33
 734 0341 04       		.byte	0x4
 735 0342 46       		.byte	0x46
 736 0343 EA000000 		.4byte	0xea
 737 0347 56030000 		.4byte	0x356
 738 034b 1D       		.uleb128 0x1d
 739 034c 8D000000 		.4byte	0x8d
 740 0350 1D       		.uleb128 0x1d
 741 0351 EA000000 		.4byte	0xea
 742 0355 00       		.byte	0
 743 0356 21       		.uleb128 0x21
 744 0357 0F010000 		.4byte	.LASF40
 745 035b 04       		.byte	0x4
 746 035c 4C       		.byte	0x4c
 747 035d 1D       		.uleb128 0x1d
 748 035e 8D000000 		.4byte	0x8d
 749 0362 00       		.byte	0
 750 0363 00       		.byte	0
 751              		.section	.debug_abbrev,"",%progbits
 752              	.Ldebug_abbrev0:
 753 0000 01       		.uleb128 0x1
 754 0001 11       		.uleb128 0x11
 755 0002 01       		.byte	0x1
 756 0003 25       		.uleb128 0x25
 757 0004 0E       		.uleb128 0xe
 758 0005 13       		.uleb128 0x13
 759 0006 0B       		.uleb128 0xb
 760 0007 03       		.uleb128 0x3
 761 0008 0E       		.uleb128 0xe
 762 0009 1B       		.uleb128 0x1b
 763 000a 0E       		.uleb128 0xe
 764 000b 55       		.uleb128 0x55
 765 000c 17       		.uleb128 0x17
 766 000d 11       		.uleb128 0x11
ARM GAS  C:\Users\think\AppData\Local\Temp\ccZnX8dv.s 			page 20


 767 000e 01       		.uleb128 0x1
 768 000f 10       		.uleb128 0x10
 769 0010 17       		.uleb128 0x17
 770 0011 00       		.byte	0
 771 0012 00       		.byte	0
 772 0013 02       		.uleb128 0x2
 773 0014 24       		.uleb128 0x24
 774 0015 00       		.byte	0
 775 0016 0B       		.uleb128 0xb
 776 0017 0B       		.uleb128 0xb
 777 0018 3E       		.uleb128 0x3e
 778 0019 0B       		.uleb128 0xb
 779 001a 03       		.uleb128 0x3
 780 001b 08       		.uleb128 0x8
 781 001c 00       		.byte	0
 782 001d 00       		.byte	0
 783 001e 03       		.uleb128 0x3
 784 001f 16       		.uleb128 0x16
 785 0020 00       		.byte	0
 786 0021 03       		.uleb128 0x3
 787 0022 0E       		.uleb128 0xe
 788 0023 3A       		.uleb128 0x3a
 789 0024 0B       		.uleb128 0xb
 790 0025 3B       		.uleb128 0x3b
 791 0026 0B       		.uleb128 0xb
 792 0027 49       		.uleb128 0x49
 793 0028 13       		.uleb128 0x13
 794 0029 00       		.byte	0
 795 002a 00       		.byte	0
 796 002b 04       		.uleb128 0x4
 797 002c 24       		.uleb128 0x24
 798 002d 00       		.byte	0
 799 002e 0B       		.uleb128 0xb
 800 002f 0B       		.uleb128 0xb
 801 0030 3E       		.uleb128 0x3e
 802 0031 0B       		.uleb128 0xb
 803 0032 03       		.uleb128 0x3
 804 0033 0E       		.uleb128 0xe
 805 0034 00       		.byte	0
 806 0035 00       		.byte	0
 807 0036 05       		.uleb128 0x5
 808 0037 0F       		.uleb128 0xf
 809 0038 00       		.byte	0
 810 0039 0B       		.uleb128 0xb
 811 003a 0B       		.uleb128 0xb
 812 003b 00       		.byte	0
 813 003c 00       		.byte	0
 814 003d 06       		.uleb128 0x6
 815 003e 0F       		.uleb128 0xf
 816 003f 00       		.byte	0
 817 0040 0B       		.uleb128 0xb
 818 0041 0B       		.uleb128 0xb
 819 0042 49       		.uleb128 0x49
 820 0043 13       		.uleb128 0x13
 821 0044 00       		.byte	0
 822 0045 00       		.byte	0
 823 0046 07       		.uleb128 0x7
ARM GAS  C:\Users\think\AppData\Local\Temp\ccZnX8dv.s 			page 21


 824 0047 15       		.uleb128 0x15
 825 0048 00       		.byte	0
 826 0049 27       		.uleb128 0x27
 827 004a 19       		.uleb128 0x19
 828 004b 00       		.byte	0
 829 004c 00       		.byte	0
 830 004d 08       		.uleb128 0x8
 831 004e 16       		.uleb128 0x16
 832 004f 00       		.byte	0
 833 0050 03       		.uleb128 0x3
 834 0051 0E       		.uleb128 0xe
 835 0052 3A       		.uleb128 0x3a
 836 0053 0B       		.uleb128 0xb
 837 0054 3B       		.uleb128 0x3b
 838 0055 05       		.uleb128 0x5
 839 0056 49       		.uleb128 0x49
 840 0057 13       		.uleb128 0x13
 841 0058 00       		.byte	0
 842 0059 00       		.byte	0
 843 005a 09       		.uleb128 0x9
 844 005b 35       		.uleb128 0x35
 845 005c 00       		.byte	0
 846 005d 49       		.uleb128 0x49
 847 005e 13       		.uleb128 0x13
 848 005f 00       		.byte	0
 849 0060 00       		.byte	0
 850 0061 0A       		.uleb128 0xa
 851 0062 2E       		.uleb128 0x2e
 852 0063 00       		.byte	0
 853 0064 03       		.uleb128 0x3
 854 0065 0E       		.uleb128 0xe
 855 0066 3A       		.uleb128 0x3a
 856 0067 0B       		.uleb128 0xb
 857 0068 3B       		.uleb128 0x3b
 858 0069 0B       		.uleb128 0xb
 859 006a 27       		.uleb128 0x27
 860 006b 19       		.uleb128 0x19
 861 006c 11       		.uleb128 0x11
 862 006d 01       		.uleb128 0x1
 863 006e 12       		.uleb128 0x12
 864 006f 06       		.uleb128 0x6
 865 0070 40       		.uleb128 0x40
 866 0071 18       		.uleb128 0x18
 867 0072 9742     		.uleb128 0x2117
 868 0074 19       		.uleb128 0x19
 869 0075 00       		.byte	0
 870 0076 00       		.byte	0
 871 0077 0B       		.uleb128 0xb
 872 0078 2E       		.uleb128 0x2e
 873 0079 01       		.byte	0x1
 874 007a 03       		.uleb128 0x3
 875 007b 0E       		.uleb128 0xe
 876 007c 3A       		.uleb128 0x3a
 877 007d 0B       		.uleb128 0xb
 878 007e 3B       		.uleb128 0x3b
 879 007f 0B       		.uleb128 0xb
 880 0080 27       		.uleb128 0x27
ARM GAS  C:\Users\think\AppData\Local\Temp\ccZnX8dv.s 			page 22


 881 0081 19       		.uleb128 0x19
 882 0082 11       		.uleb128 0x11
 883 0083 01       		.uleb128 0x1
 884 0084 12       		.uleb128 0x12
 885 0085 06       		.uleb128 0x6
 886 0086 40       		.uleb128 0x40
 887 0087 18       		.uleb128 0x18
 888 0088 9742     		.uleb128 0x2117
 889 008a 19       		.uleb128 0x19
 890 008b 01       		.uleb128 0x1
 891 008c 13       		.uleb128 0x13
 892 008d 00       		.byte	0
 893 008e 00       		.byte	0
 894 008f 0C       		.uleb128 0xc
 895 0090 05       		.uleb128 0x5
 896 0091 00       		.byte	0
 897 0092 03       		.uleb128 0x3
 898 0093 08       		.uleb128 0x8
 899 0094 3A       		.uleb128 0x3a
 900 0095 0B       		.uleb128 0xb
 901 0096 3B       		.uleb128 0x3b
 902 0097 0B       		.uleb128 0xb
 903 0098 49       		.uleb128 0x49
 904 0099 13       		.uleb128 0x13
 905 009a 02       		.uleb128 0x2
 906 009b 17       		.uleb128 0x17
 907 009c 00       		.byte	0
 908 009d 00       		.byte	0
 909 009e 0D       		.uleb128 0xd
 910 009f 898201   		.uleb128 0x4109
 911 00a2 01       		.byte	0x1
 912 00a3 11       		.uleb128 0x11
 913 00a4 01       		.uleb128 0x1
 914 00a5 31       		.uleb128 0x31
 915 00a6 13       		.uleb128 0x13
 916 00a7 00       		.byte	0
 917 00a8 00       		.byte	0
 918 00a9 0E       		.uleb128 0xe
 919 00aa 8A8201   		.uleb128 0x410a
 920 00ad 00       		.byte	0
 921 00ae 02       		.uleb128 0x2
 922 00af 18       		.uleb128 0x18
 923 00b0 9142     		.uleb128 0x2111
 924 00b2 18       		.uleb128 0x18
 925 00b3 00       		.byte	0
 926 00b4 00       		.byte	0
 927 00b5 0F       		.uleb128 0xf
 928 00b6 898201   		.uleb128 0x4109
 929 00b9 00       		.byte	0
 930 00ba 11       		.uleb128 0x11
 931 00bb 01       		.uleb128 0x1
 932 00bc 31       		.uleb128 0x31
 933 00bd 13       		.uleb128 0x13
 934 00be 00       		.byte	0
 935 00bf 00       		.byte	0
 936 00c0 10       		.uleb128 0x10
 937 00c1 898201   		.uleb128 0x4109
ARM GAS  C:\Users\think\AppData\Local\Temp\ccZnX8dv.s 			page 23


 938 00c4 01       		.byte	0x1
 939 00c5 11       		.uleb128 0x11
 940 00c6 01       		.uleb128 0x1
 941 00c7 31       		.uleb128 0x31
 942 00c8 13       		.uleb128 0x13
 943 00c9 01       		.uleb128 0x1
 944 00ca 13       		.uleb128 0x13
 945 00cb 00       		.byte	0
 946 00cc 00       		.byte	0
 947 00cd 11       		.uleb128 0x11
 948 00ce 2E       		.uleb128 0x2e
 949 00cf 01       		.byte	0x1
 950 00d0 3F       		.uleb128 0x3f
 951 00d1 19       		.uleb128 0x19
 952 00d2 03       		.uleb128 0x3
 953 00d3 0E       		.uleb128 0xe
 954 00d4 3A       		.uleb128 0x3a
 955 00d5 0B       		.uleb128 0xb
 956 00d6 3B       		.uleb128 0x3b
 957 00d7 0B       		.uleb128 0xb
 958 00d8 27       		.uleb128 0x27
 959 00d9 19       		.uleb128 0x19
 960 00da 11       		.uleb128 0x11
 961 00db 01       		.uleb128 0x1
 962 00dc 12       		.uleb128 0x12
 963 00dd 06       		.uleb128 0x6
 964 00de 40       		.uleb128 0x40
 965 00df 18       		.uleb128 0x18
 966 00e0 9742     		.uleb128 0x2117
 967 00e2 19       		.uleb128 0x19
 968 00e3 01       		.uleb128 0x1
 969 00e4 13       		.uleb128 0x13
 970 00e5 00       		.byte	0
 971 00e6 00       		.byte	0
 972 00e7 12       		.uleb128 0x12
 973 00e8 0B       		.uleb128 0xb
 974 00e9 01       		.byte	0x1
 975 00ea 11       		.uleb128 0x11
 976 00eb 01       		.uleb128 0x1
 977 00ec 12       		.uleb128 0x12
 978 00ed 06       		.uleb128 0x6
 979 00ee 01       		.uleb128 0x1
 980 00ef 13       		.uleb128 0x13
 981 00f0 00       		.byte	0
 982 00f1 00       		.byte	0
 983 00f2 13       		.uleb128 0x13
 984 00f3 13       		.uleb128 0x13
 985 00f4 01       		.byte	0x1
 986 00f5 0B       		.uleb128 0xb
 987 00f6 0B       		.uleb128 0xb
 988 00f7 3A       		.uleb128 0x3a
 989 00f8 0B       		.uleb128 0xb
 990 00f9 3B       		.uleb128 0x3b
 991 00fa 0B       		.uleb128 0xb
 992 00fb 01       		.uleb128 0x1
 993 00fc 13       		.uleb128 0x13
 994 00fd 00       		.byte	0
ARM GAS  C:\Users\think\AppData\Local\Temp\ccZnX8dv.s 			page 24


 995 00fe 00       		.byte	0
 996 00ff 14       		.uleb128 0x14
 997 0100 0D       		.uleb128 0xd
 998 0101 00       		.byte	0
 999 0102 03       		.uleb128 0x3
 1000 0103 0E       		.uleb128 0xe
 1001 0104 3A       		.uleb128 0x3a
 1002 0105 0B       		.uleb128 0xb
 1003 0106 3B       		.uleb128 0x3b
 1004 0107 0B       		.uleb128 0xb
 1005 0108 49       		.uleb128 0x49
 1006 0109 13       		.uleb128 0x13
 1007 010a 38       		.uleb128 0x38
 1008 010b 0B       		.uleb128 0xb
 1009 010c 00       		.byte	0
 1010 010d 00       		.byte	0
 1011 010e 15       		.uleb128 0x15
 1012 010f 01       		.uleb128 0x1
 1013 0110 01       		.byte	0x1
 1014 0111 49       		.uleb128 0x49
 1015 0112 13       		.uleb128 0x13
 1016 0113 01       		.uleb128 0x1
 1017 0114 13       		.uleb128 0x13
 1018 0115 00       		.byte	0
 1019 0116 00       		.byte	0
 1020 0117 16       		.uleb128 0x16
 1021 0118 21       		.uleb128 0x21
 1022 0119 00       		.byte	0
 1023 011a 49       		.uleb128 0x49
 1024 011b 13       		.uleb128 0x13
 1025 011c 2F       		.uleb128 0x2f
 1026 011d 0B       		.uleb128 0xb
 1027 011e 00       		.byte	0
 1028 011f 00       		.byte	0
 1029 0120 17       		.uleb128 0x17
 1030 0121 34       		.uleb128 0x34
 1031 0122 00       		.byte	0
 1032 0123 03       		.uleb128 0x3
 1033 0124 0E       		.uleb128 0xe
 1034 0125 3A       		.uleb128 0x3a
 1035 0126 0B       		.uleb128 0xb
 1036 0127 3B       		.uleb128 0x3b
 1037 0128 0B       		.uleb128 0xb
 1038 0129 49       		.uleb128 0x49
 1039 012a 13       		.uleb128 0x13
 1040 012b 02       		.uleb128 0x2
 1041 012c 18       		.uleb128 0x18
 1042 012d 00       		.byte	0
 1043 012e 00       		.byte	0
 1044 012f 18       		.uleb128 0x18
 1045 0130 26       		.uleb128 0x26
 1046 0131 00       		.byte	0
 1047 0132 49       		.uleb128 0x49
 1048 0133 13       		.uleb128 0x13
 1049 0134 00       		.byte	0
 1050 0135 00       		.byte	0
 1051 0136 19       		.uleb128 0x19
ARM GAS  C:\Users\think\AppData\Local\Temp\ccZnX8dv.s 			page 25


 1052 0137 34       		.uleb128 0x34
 1053 0138 00       		.byte	0
 1054 0139 03       		.uleb128 0x3
 1055 013a 08       		.uleb128 0x8
 1056 013b 3A       		.uleb128 0x3a
 1057 013c 0B       		.uleb128 0xb
 1058 013d 3B       		.uleb128 0x3b
 1059 013e 0B       		.uleb128 0xb
 1060 013f 49       		.uleb128 0x49
 1061 0140 13       		.uleb128 0x13
 1062 0141 02       		.uleb128 0x2
 1063 0142 17       		.uleb128 0x17
 1064 0143 00       		.byte	0
 1065 0144 00       		.byte	0
 1066 0145 1A       		.uleb128 0x1a
 1067 0146 0B       		.uleb128 0xb
 1068 0147 01       		.byte	0x1
 1069 0148 55       		.uleb128 0x55
 1070 0149 17       		.uleb128 0x17
 1071 014a 00       		.byte	0
 1072 014b 00       		.byte	0
 1073 014c 1B       		.uleb128 0x1b
 1074 014d 34       		.uleb128 0x34
 1075 014e 00       		.byte	0
 1076 014f 03       		.uleb128 0x3
 1077 0150 08       		.uleb128 0x8
 1078 0151 3A       		.uleb128 0x3a
 1079 0152 0B       		.uleb128 0xb
 1080 0153 3B       		.uleb128 0x3b
 1081 0154 05       		.uleb128 0x5
 1082 0155 49       		.uleb128 0x49
 1083 0156 13       		.uleb128 0x13
 1084 0157 02       		.uleb128 0x2
 1085 0158 17       		.uleb128 0x17
 1086 0159 00       		.byte	0
 1087 015a 00       		.byte	0
 1088 015b 1C       		.uleb128 0x1c
 1089 015c 2E       		.uleb128 0x2e
 1090 015d 01       		.byte	0x1
 1091 015e 3F       		.uleb128 0x3f
 1092 015f 19       		.uleb128 0x19
 1093 0160 03       		.uleb128 0x3
 1094 0161 0E       		.uleb128 0xe
 1095 0162 27       		.uleb128 0x27
 1096 0163 19       		.uleb128 0x19
 1097 0164 49       		.uleb128 0x49
 1098 0165 13       		.uleb128 0x13
 1099 0166 34       		.uleb128 0x34
 1100 0167 19       		.uleb128 0x19
 1101 0168 3C       		.uleb128 0x3c
 1102 0169 19       		.uleb128 0x19
 1103 016a 01       		.uleb128 0x1
 1104 016b 13       		.uleb128 0x13
 1105 016c 00       		.byte	0
 1106 016d 00       		.byte	0
 1107 016e 1D       		.uleb128 0x1d
 1108 016f 05       		.uleb128 0x5
ARM GAS  C:\Users\think\AppData\Local\Temp\ccZnX8dv.s 			page 26


 1109 0170 00       		.byte	0
 1110 0171 49       		.uleb128 0x49
 1111 0172 13       		.uleb128 0x13
 1112 0173 00       		.byte	0
 1113 0174 00       		.byte	0
 1114 0175 1E       		.uleb128 0x1e
 1115 0176 2E       		.uleb128 0x2e
 1116 0177 00       		.byte	0
 1117 0178 3F       		.uleb128 0x3f
 1118 0179 19       		.uleb128 0x19
 1119 017a 03       		.uleb128 0x3
 1120 017b 0E       		.uleb128 0xe
 1121 017c 3A       		.uleb128 0x3a
 1122 017d 0B       		.uleb128 0xb
 1123 017e 3B       		.uleb128 0x3b
 1124 017f 0B       		.uleb128 0xb
 1125 0180 27       		.uleb128 0x27
 1126 0181 19       		.uleb128 0x19
 1127 0182 3C       		.uleb128 0x3c
 1128 0183 19       		.uleb128 0x19
 1129 0184 00       		.byte	0
 1130 0185 00       		.byte	0
 1131 0186 1F       		.uleb128 0x1f
 1132 0187 2E       		.uleb128 0x2e
 1133 0188 01       		.byte	0x1
 1134 0189 3F       		.uleb128 0x3f
 1135 018a 19       		.uleb128 0x19
 1136 018b 03       		.uleb128 0x3
 1137 018c 0E       		.uleb128 0xe
 1138 018d 3A       		.uleb128 0x3a
 1139 018e 0B       		.uleb128 0xb
 1140 018f 3B       		.uleb128 0x3b
 1141 0190 0B       		.uleb128 0xb
 1142 0191 27       		.uleb128 0x27
 1143 0192 19       		.uleb128 0x19
 1144 0193 3C       		.uleb128 0x3c
 1145 0194 19       		.uleb128 0x19
 1146 0195 01       		.uleb128 0x1
 1147 0196 13       		.uleb128 0x13
 1148 0197 00       		.byte	0
 1149 0198 00       		.byte	0
 1150 0199 20       		.uleb128 0x20
 1151 019a 2E       		.uleb128 0x2e
 1152 019b 01       		.byte	0x1
 1153 019c 3F       		.uleb128 0x3f
 1154 019d 19       		.uleb128 0x19
 1155 019e 03       		.uleb128 0x3
 1156 019f 0E       		.uleb128 0xe
 1157 01a0 3A       		.uleb128 0x3a
 1158 01a1 0B       		.uleb128 0xb
 1159 01a2 3B       		.uleb128 0x3b
 1160 01a3 0B       		.uleb128 0xb
 1161 01a4 27       		.uleb128 0x27
 1162 01a5 19       		.uleb128 0x19
 1163 01a6 49       		.uleb128 0x49
 1164 01a7 13       		.uleb128 0x13
 1165 01a8 3C       		.uleb128 0x3c
ARM GAS  C:\Users\think\AppData\Local\Temp\ccZnX8dv.s 			page 27


 1166 01a9 19       		.uleb128 0x19
 1167 01aa 01       		.uleb128 0x1
 1168 01ab 13       		.uleb128 0x13
 1169 01ac 00       		.byte	0
 1170 01ad 00       		.byte	0
 1171 01ae 21       		.uleb128 0x21
 1172 01af 2E       		.uleb128 0x2e
 1173 01b0 01       		.byte	0x1
 1174 01b1 3F       		.uleb128 0x3f
 1175 01b2 19       		.uleb128 0x19
 1176 01b3 03       		.uleb128 0x3
 1177 01b4 0E       		.uleb128 0xe
 1178 01b5 3A       		.uleb128 0x3a
 1179 01b6 0B       		.uleb128 0xb
 1180 01b7 3B       		.uleb128 0x3b
 1181 01b8 0B       		.uleb128 0xb
 1182 01b9 27       		.uleb128 0x27
 1183 01ba 19       		.uleb128 0x19
 1184 01bb 3C       		.uleb128 0x3c
 1185 01bc 19       		.uleb128 0x19
 1186 01bd 00       		.byte	0
 1187 01be 00       		.byte	0
 1188 01bf 00       		.byte	0
 1189              		.section	.debug_loc,"",%progbits
 1190              	.Ldebug_loc0:
 1191              	.LLST0:
 1192 0000 00000000 		.4byte	.LVL0
 1193 0004 09000000 		.4byte	.LVL2-1
 1194 0008 0100     		.2byte	0x1
 1195 000a 50       		.byte	0x50
 1196 000b 09000000 		.4byte	.LVL2-1
 1197 000f 0C000000 		.4byte	.LFE2
 1198 0013 0400     		.2byte	0x4
 1199 0015 F3       		.byte	0xf3
 1200 0016 01       		.uleb128 0x1
 1201 0017 50       		.byte	0x50
 1202 0018 9F       		.byte	0x9f
 1203 0019 00000000 		.4byte	0
 1204 001d 00000000 		.4byte	0
 1205              	.LLST1:
 1206 0021 00000000 		.4byte	.LVL0
 1207 0025 06000000 		.4byte	.LVL1
 1208 0029 0100     		.2byte	0x1
 1209 002b 51       		.byte	0x51
 1210 002c 06000000 		.4byte	.LVL1
 1211 0030 09000000 		.4byte	.LVL2-1
 1212 0034 0100     		.2byte	0x1
 1213 0036 52       		.byte	0x52
 1214 0037 09000000 		.4byte	.LVL2-1
 1215 003b 0C000000 		.4byte	.LFE2
 1216 003f 0400     		.2byte	0x4
 1217 0041 F3       		.byte	0xf3
 1218 0042 01       		.uleb128 0x1
 1219 0043 51       		.byte	0x51
 1220 0044 9F       		.byte	0x9f
 1221 0045 00000000 		.4byte	0
 1222 0049 00000000 		.4byte	0
ARM GAS  C:\Users\think\AppData\Local\Temp\ccZnX8dv.s 			page 28


 1223              	.LLST2:
 1224 004d B6000000 		.4byte	.LVL11
 1225 0051 BC000000 		.4byte	.LVL12
 1226 0055 0200     		.2byte	0x2
 1227 0057 30       		.byte	0x30
 1228 0058 9F       		.byte	0x9f
 1229 0059 BC000000 		.4byte	.LVL12
 1230 005d D4000000 		.4byte	.LVL15
 1231 0061 0100     		.2byte	0x1
 1232 0063 54       		.byte	0x54
 1233 0064 D4000000 		.4byte	.LVL15
 1234 0068 D6000000 		.4byte	.LVL16
 1235 006c 0300     		.2byte	0x3
 1236 006e 74       		.byte	0x74
 1237 006f 7F       		.sleb128 -1
 1238 0070 9F       		.byte	0x9f
 1239 0071 D6000000 		.4byte	.LVL16
 1240 0075 26010000 		.4byte	.LVL19
 1241 0079 0100     		.2byte	0x1
 1242 007b 54       		.byte	0x54
 1243 007c 00000000 		.4byte	0
 1244 0080 00000000 		.4byte	0
 1245              	.LLST3:
 1246 0084 C4000000 		.4byte	.LVL13
 1247 0088 D1000000 		.4byte	.LVL14-1
 1248 008c 0100     		.2byte	0x1
 1249 008e 53       		.byte	0x53
 1250 008f D1000000 		.4byte	.LVL14-1
 1251 0093 D4000000 		.4byte	.LVL15
 1252 0097 0D00     		.2byte	0xd
 1253 0099 74       		.byte	0x74
 1254 009a 00       		.sleb128 0
 1255 009b 31       		.byte	0x31
 1256 009c 24       		.byte	0x24
 1257 009d 74       		.byte	0x74
 1258 009e 00       		.sleb128 0
 1259 009f 22       		.byte	0x22
 1260 00a0 31       		.byte	0x31
 1261 00a1 24       		.byte	0x24
 1262 00a2 75       		.byte	0x75
 1263 00a3 00       		.sleb128 0
 1264 00a4 22       		.byte	0x22
 1265 00a5 9F       		.byte	0x9f
 1266 00a6 D4000000 		.4byte	.LVL15
 1267 00aa D6000000 		.4byte	.LVL16
 1268 00ae 0D00     		.2byte	0xd
 1269 00b0 74       		.byte	0x74
 1270 00b1 7F       		.sleb128 -1
 1271 00b2 74       		.byte	0x74
 1272 00b3 7F       		.sleb128 -1
 1273 00b4 31       		.byte	0x31
 1274 00b5 24       		.byte	0x24
 1275 00b6 22       		.byte	0x22
 1276 00b7 31       		.byte	0x31
 1277 00b8 24       		.byte	0x24
 1278 00b9 75       		.byte	0x75
 1279 00ba 00       		.sleb128 0
ARM GAS  C:\Users\think\AppData\Local\Temp\ccZnX8dv.s 			page 29


 1280 00bb 22       		.byte	0x22
 1281 00bc 9F       		.byte	0x9f
 1282 00bd 00000000 		.4byte	0
 1283 00c1 00000000 		.4byte	0
 1284              		.section	.debug_aranges,"",%progbits
 1285 0000 34000000 		.4byte	0x34
 1286 0004 0200     		.2byte	0x2
 1287 0006 00000000 		.4byte	.Ldebug_info0
 1288 000a 04       		.byte	0x4
 1289 000b 00       		.byte	0
 1290 000c 0000     		.2byte	0
 1291 000e 0000     		.2byte	0
 1292 0010 00000000 		.4byte	.LFB6
 1293 0014 20000000 		.4byte	.LFE6-.LFB6
 1294 0018 00000000 		.4byte	.LFB2
 1295 001c 0C000000 		.4byte	.LFE2-.LFB2
 1296 0020 00000000 		.4byte	.LFB5
 1297 0024 AC000000 		.4byte	.LFE5-.LFB5
 1298 0028 AC000000 		.4byte	.LFB7
 1299 002c A0000000 		.4byte	.LFE7-.LFB7
 1300 0030 00000000 		.4byte	0
 1301 0034 00000000 		.4byte	0
 1302              		.section	.debug_ranges,"",%progbits
 1303              	.Ldebug_ranges0:
 1304 0000 B8000000 		.4byte	.LBB3
 1305 0004 BA000000 		.4byte	.LBE3
 1306 0008 BC000000 		.4byte	.LBB4
 1307 000c D2000000 		.4byte	.LBE4
 1308 0010 00000000 		.4byte	0
 1309 0014 00000000 		.4byte	0
 1310 0018 00000000 		.4byte	.LFB6
 1311 001c 20000000 		.4byte	.LFE6
 1312 0020 00000000 		.4byte	.LFB2
 1313 0024 0C000000 		.4byte	.LFE2
 1314 0028 00000000 		.4byte	.LFB5
 1315 002c AC000000 		.4byte	.LFE5
 1316 0030 AC000000 		.4byte	.LFB7
 1317 0034 4C010000 		.4byte	.LFE7
 1318 0038 00000000 		.4byte	0
 1319 003c 00000000 		.4byte	0
 1320              		.section	.debug_line,"",%progbits
 1321              	.Ldebug_line0:
 1322 0000 64010000 		.section	.debug_str,"MS",%progbits,1
 1322      0200EB00 
 1322      00000201 
 1322      FB0E0D00 
 1322      01010101 
 1323              	.LASF28:
 1324 0000 43794465 		.ascii	"CyDelayCycles\000"
 1324      6C617943 
 1324      79636C65 
 1324      7300
 1325              	.LASF19:
 1326 000e 72656733 		.ascii	"reg32\000"
 1326      3200
 1327              	.LASF11:
 1328 0014 73697A65 		.ascii	"size_t\000"
ARM GAS  C:\Users\think\AppData\Local\Temp\ccZnX8dv.s 			page 30


 1328      5F7400
 1329              	.LASF37:
 1330 001b 416E616C 		.ascii	"AnalogSetDefault\000"
 1330      6F675365 
 1330      74446566 
 1330      61756C74 
 1330      00
 1331              	.LASF33:
 1332 002c 4379496E 		.ascii	"CyIntSetVector\000"
 1332      74536574 
 1332      56656374 
 1332      6F7200
 1333              	.LASF26:
 1334 003b 6366675F 		.ascii	"cfg_memset_list\000"
 1334      6D656D73 
 1334      65745F6C 
 1334      69737400 
 1335              	.LASF22:
 1336 004b 436C6F63 		.ascii	"ClockSetup\000"
 1336      6B536574 
 1336      757000
 1337              	.LASF4:
 1338 0056 73686F72 		.ascii	"short unsigned int\000"
 1338      7420756E 
 1338      7369676E 
 1338      65642069 
 1338      6E7400
 1339              	.LASF36:
 1340 0069 433A5C55 		.ascii	"C:\\Users\\think\\Desktop\\BLE Lab1\\BLE Lab1.cydsn"
 1340      73657273 
 1340      5C746869 
 1340      6E6B5C44 
 1340      65736B74 
 1341 0097 00       		.ascii	"\000"
 1342              	.LASF15:
 1343 0098 666C6F61 		.ascii	"float\000"
 1343      7400
 1344              	.LASF24:
 1345 009e 73697A65 		.ascii	"size\000"
 1345      00
 1346              	.LASF30:
 1347 00a3 43795379 		.ascii	"CySysClkWcoSetPowerMode\000"
 1347      73436C6B 
 1347      57636F53 
 1347      6574506F 
 1347      7765724D 
 1348              	.LASF18:
 1349 00bb 72656738 		.ascii	"reg8\000"
 1349      00
 1350              	.LASF6:
 1351 00c0 6C6F6E67 		.ascii	"long unsigned int\000"
 1351      20756E73 
 1351      69676E65 
 1351      6420696E 
 1351      7400
 1352              	.LASF12:
 1353 00d2 75696E74 		.ascii	"uint8\000"
ARM GAS  C:\Users\think\AppData\Local\Temp\ccZnX8dv.s 			page 31


 1353      3800
 1354              	.LASF39:
 1355 00d8 43795379 		.ascii	"CySysClkWcoStart\000"
 1355      73436C6B 
 1355      57636F53 
 1355      74617274 
 1355      00
 1356              	.LASF21:
 1357 00e9 43594D45 		.ascii	"CYMEMZERO\000"
 1357      4D5A4552 
 1357      4F00
 1358              	.LASF2:
 1359 00f3 756E7369 		.ascii	"unsigned char\000"
 1359      676E6564 
 1359      20636861 
 1359      7200
 1360              	.LASF27:
 1361 0101 6D656D73 		.ascii	"memset\000"
 1361      657400
 1362              	.LASF16:
 1363 0108 646F7562 		.ascii	"double\000"
 1363      6C6500
 1364              	.LASF40:
 1365 010f 4379496E 		.ascii	"CyIntEnable\000"
 1365      74456E61 
 1365      626C6500 
 1366              	.LASF13:
 1367 011b 75696E74 		.ascii	"uint16\000"
 1367      313600
 1368              	.LASF17:
 1369 0122 63797374 		.ascii	"cystatus\000"
 1369      61747573 
 1369      00
 1370              	.LASF14:
 1371 012b 75696E74 		.ascii	"uint32\000"
 1371      333200
 1372              	.LASF0:
 1373 0132 756E7369 		.ascii	"unsigned int\000"
 1373      676E6564 
 1373      20696E74 
 1373      00
 1374              	.LASF38:
 1375 013f 63796669 		.ascii	"cyfitter_cfg\000"
 1375      74746572 
 1375      5F636667 
 1375      00
 1376              	.LASF23:
 1377 014c 61646472 		.ascii	"address\000"
 1377      65737300 
 1378              	.LASF8:
 1379 0154 6C6F6E67 		.ascii	"long long unsigned int\000"
 1379      206C6F6E 
 1379      6720756E 
 1379      7369676E 
 1379      65642069 
 1380              	.LASF34:
 1381 016b 474E5520 		.ascii	"GNU C 4.8.4 20140526 (release) [ARM/embedded-4_8-br"
ARM GAS  C:\Users\think\AppData\Local\Temp\ccZnX8dv.s 			page 32


 1381      4320342E 
 1381      382E3420 
 1381      32303134 
 1381      30353236 
 1382 019e 616E6368 		.ascii	"anch revision 211358] -mcpu=cortex-m0 -mthumb -g -O"
 1382      20726576 
 1382      6973696F 
 1382      6E203231 
 1382      31333538 
 1383 01d1 67202D66 		.ascii	"g -ffunction-sections\000"
 1383      66756E63 
 1383      74696F6E 
 1383      2D736563 
 1383      74696F6E 
 1384              	.LASF20:
 1385 01e7 63796973 		.ascii	"cyisraddress\000"
 1385      72616464 
 1385      72657373 
 1385      00
 1386              	.LASF25:
 1387 01f4 6366675F 		.ascii	"cfg_memset_t\000"
 1387      6D656D73 
 1387      65745F74 
 1387      00
 1388              	.LASF35:
 1389 0201 2E5C4765 		.ascii	".\\Generated_Source\\PSoC4\\cyfitter_cfg.c\000"
 1389      6E657261 
 1389      7465645F 
 1389      536F7572 
 1389      63655C50 
 1390              	.LASF9:
 1391 0229 73697A65 		.ascii	"sizetype\000"
 1391      74797065 
 1391      00
 1392              	.LASF7:
 1393 0232 6C6F6E67 		.ascii	"long long int\000"
 1393      206C6F6E 
 1393      6720696E 
 1393      7400
 1394              	.LASF32:
 1395 0240 43794465 		.ascii	"CyDelayUs\000"
 1395      6C617955 
 1395      7300
 1396              	.LASF10:
 1397 024a 63686172 		.ascii	"char\000"
 1397      00
 1398              	.LASF31:
 1399 024f 43795379 		.ascii	"CySysClkEcoStart\000"
 1399      73436C6B 
 1399      45636F53 
 1399      74617274 
 1399      00
 1400              	.LASF3:
 1401 0260 73686F72 		.ascii	"short int\000"
 1401      7420696E 
 1401      7400
 1402              	.LASF29:
ARM GAS  C:\Users\think\AppData\Local\Temp\ccZnX8dv.s 			page 33


 1403 026a 43795379 		.ascii	"CySysClkWriteImoFreq\000"
 1403      73436C6B 
 1403      57726974 
 1403      65496D6F 
 1403      46726571 
 1404              	.LASF5:
 1405 027f 6C6F6E67 		.ascii	"long int\000"
 1405      20696E74 
 1405      00
 1406              	.LASF1:
 1407 0288 7369676E 		.ascii	"signed char\000"
 1407      65642063 
 1407      68617200 
 1408              		.ident	"GCC: (GNU Tools for ARM Embedded Processors) 4.8.4 20140526 (release) [ARM/embedded-4_8-br
